[2026-06-19T15:33:37.583Z] [INFO] [job:alert-3-5938788] Starting — alert #3 (bmw 3-series, UAE)
[2026-06-19T15:33:37.587Z] [INFO] [job:alert-3-5938988] Starting — alert #3 (bmw 3-series, UAE)
[2026-06-19T15:33:37.587Z] [INFO] [job:alert-3-5938989] Starting — alert #3 (bmw 3-series, UAE)
[2026-06-19T15:33:37.587Z] [INFO] [job:alert-3-5938990] Starting — alert #3 (bmw 3-series, UAE)
[2026-06-19T15:33:37.588Z] [INFO] [job:alert-3-5938991] Starting — alert #3 (bmw 3-series, UAE)
[2026-06-19T15:33:37.793Z] [INFO] [job:alert-3-5938988] Internal matches: 0
[2026-06-19T15:33:37.834Z] [INFO] [job:alert-3-5938989] Internal matches: 0
[2026-06-19T15:33:37.836Z] [INFO] [job:alert-3-5938990] Internal matches: 0
[2026-06-19T15:33:37.839Z] [INFO] [job:alert-3-5938991] Internal matches: 0
[2026-06-19T15:33:37.841Z] [INFO] [job:alert-3-5938788] Internal matches: 0
[2026-06-19T15:33:44.142Z] [INFO] [job:alert-3-5938788] Scraper matches: 6
[2026-06-19T15:33:44.778Z] [INFO] [job:alert-3-5938988] Scraper matches: 6
[2026-06-19T15:33:45.324Z] [INFO] [job:alert-3-5938991] Scraper matches: 6
[2026-06-19T15:33:45.329Z] [INFO] [job:alert-3-5938990] Scraper matches: 6
[2026-06-19T15:33:46.410Z] [INFO] [job:alert-3-5938989] Scraper matches: 6
[2026-06-19T15:33:47.351Z] [INFO] [job:alert-3-5938788] Done — sent email with 6 matches
[2026-06-19T15:33:47.355Z] [INFO] [job:alert-3-5938788] Completed successfully
[2026-06-19T15:33:47.355Z] [INFO] [job:alert-3-5938992] Starting — alert #3 (bmw 3-series, UAE)
[2026-06-19T15:33:47.358Z] [INFO] [job:alert-3-5938992] Alert #3 is within cooldown (freq=daily, lastRun=2026-06-19T15:33:47.297Z) — skipping
[2026-06-19T15:33:47.360Z] [INFO] [job:alert-3-5938992] Completed successfully
[2026-06-19T15:33:47.360Z] [INFO] [job:alert-3-5938993] Starting — alert #3 (bmw 3-series, UAE)
[2026-06-19T15:33:47.362Z] [INFO] [job:alert-3-5938993] Alert #3 is within cooldown (freq=daily, lastRun=2026-06-19T15:33:47.297Z) — skipping
[2026-06-19T15:33:47.364Z] [INFO] [job:alert-3-5938993] Completed successfully
[2026-06-19T15:33:47.364Z] [INFO] [job:alert-3-5938994] Starting — alert #3 (bmw 3-series, UAE)
[2026-06-19T15:33:47.367Z] [INFO] [job:alert-3-5938994] Alert #3 is within cooldown (freq=daily, lastRun=2026-06-19T15:33:47.297Z) — skipping
[2026-06-19T15:33:47.368Z] [INFO] [job:alert-3-5938994] Completed successfully
[2026-06-19T15:33:47.368Z] [INFO] [job:alert-3-5938995] Starting — alert #3 (bmw 3-series, UAE)
[2026-06-19T15:33:47.372Z] [INFO] [job:alert-3-5938995] Alert #3 is within cooldown (freq=daily, lastRun=2026-06-19T15:33:47.297Z) — skipping
[2026-06-19T15:33:47.374Z] [INFO] [job:alert-3-5938995] Completed successfully
[2026-06-19T15:33:47.375Z] [INFO] [job:alert-3-5938996] Starting — alert #3 (bmw 3-series, UAE)
[2026-06-19T15:33:47.377Z] [INFO] [job:alert-3-5938996] Alert #3 is within cooldown (freq=daily, lastRun=2026-06-19T15:33:47.297Z) — skipping
[2026-06-19T15:33:47.380Z] [INFO] [job:alert-3-5938996] Completed successfully
[2026-06-19T15:33:47.380Z] [INFO] [job:alert-3-5938997] Starting — alert #3 (bmw 3-series, UAE)
[2026-06-19T15:33:47.383Z] [INFO] [job:alert-3-5938997] Alert #3 is within cooldown (freq=daily, lastRun=2026-06-19T15:33:47.297Z) — skipping
[2026-06-19T15:33:47.385Z] [INFO] [job:alert-3-5938997] Completed successfully
[2026-06-19T15:33:47.385Z] [INFO] [job:alert-3-5938998] Starting — alert #3 (bmw 3-series, UAE)
[2026-06-19T15:33:47.387Z] [INFO] [job:alert-3-5938998] Alert #3 is within cooldown (freq=daily, lastRun=2026-06-19T15:33:47.297Z) — skipping
[2026-06-19T15:33:47.388Z] [INFO] [job:alert-3-5938988] Done — sent email with 6 matches
[2026-06-19T15:33:47.389Z] [INFO] [job:alert-3-5938998] Completed successfully
[2026-06-19T15:33:47.389Z] [INFO] [job:alert-3-5938999] Starting — alert #3 (bmw 3-series, UAE)
[2026-06-19T15:33:47.390Z] [INFO] [job:alert-3-5938988] Completed successfully
[2026-06-19T15:33:47.391Z] [INFO] [job:alert-3-5939000] Starting — alert #3 (bmw 3-series, UAE)
[2026-06-19T15:33:47.392Z] [INFO] [job:alert-3-5939000] Alert #3 is within cooldown (freq=daily, lastRun=2026-06-19T15:33:47.378Z) — skipping
[2026-06-19T15:33:47.393Z] [INFO] [job:alert-3-5938999] Alert #3 is within cooldown (freq=daily, lastRun=2026-06-19T15:33:47.378Z) — skipping
[2026-06-19T15:33:47.394Z] [INFO] [job:alert-3-5939000] Completed successfully
[2026-06-19T15:33:47.394Z] [INFO] [job:alert-3-5939001] Starting — alert #3 (bmw 3-series, UAE)
[2026-06-19T15:33:47.395Z] [INFO] [job:alert-3-5938999] Completed successfully
[2026-06-19T15:33:47.396Z] [INFO] [job:alert-3-5939002] Starting — alert #3 (bmw 3-series, UAE)
[2026-06-19T15:33:47.396Z] [INFO] [job:alert-3-5939001] Alert #3 is within cooldown (freq=daily, lastRun=2026-06-19T15:33:47.378Z) — skipping
[2026-06-19T15:33:47.397Z] [INFO] [job:alert-3-5939002] Alert #3 is within cooldown (freq=daily, lastRun=2026-06-19T15:33:47.378Z) — skipping
[2026-06-19T15:33:47.398Z] [INFO] [job:alert-3-5939001] Completed successfully
[2026-06-19T15:33:47.398Z] [INFO] [job:alert-3-5939003] Starting — alert #3 (bmw 3-series, UAE)
[2026-06-19T15:33:47.400Z] [INFO] [job:alert-3-5939002] Completed successfully
[2026-06-19T15:33:47.400Z] [INFO] [job:alert-3-5939004] Starting — alert #3 (bmw 3-series, UAE)
[2026-06-19T15:33:47.401Z] [INFO] [job:alert-3-5939003] Alert #3 is within cooldown (freq=daily, lastRun=2026-06-19T15:33:47.378Z) — skipping
[2026-06-19T15:33:47.402Z] [INFO] [job:alert-3-5939004] Alert #3 is within cooldown (freq=daily, lastRun=2026-06-19T15:33:47.378Z) — skipping
[2026-06-19T15:33:47.402Z] [INFO] [job:alert-3-5939003] Completed successfully
[2026-06-19T15:33:47.403Z] [INFO] [job:alert-3-5939005] Starting — alert #3 (bmw 3-series, UAE)
[2026-06-19T15:33:47.404Z] [INFO] [job:alert-3-5939004] Completed successfully
[2026-06-19T15:33:47.404Z] [INFO] [job:alert-3-5939006] Starting — alert #3 (bmw 3-series, UAE)
[2026-06-19T15:33:47.405Z] [INFO] [job:alert-3-5939005] Alert #3 is within cooldown (freq=daily, lastRun=2026-06-19T15:33:47.378Z) — skipping
[2026-06-19T15:33:47.406Z] [INFO] [job:alert-3-5939006] Alert #3 is within cooldown (freq=daily, lastRun=2026-06-19T15:33:47.378Z) — skipping
[2026-06-19T15:33:47.407Z] [INFO] [job:alert-3-5939005] Completed successfully
[2026-06-19T15:33:47.407Z] [INFO] [job:alert-3-5939006] Completed successfully
[2026-06-19T15:33:47.407Z] [INFO] [job:alert-3-5939007] Starting — alert #3 (bmw 3-series, UAE)
[2026-06-19T15:33:47.407Z] [INFO] [job:alert-3-5939008] Starting — alert #3 (bmw 3-series, UAE)
[2026-06-19T15:33:47.410Z] [INFO] [job:alert-3-5939007] Alert #3 is within cooldown (freq=daily, lastRun=2026-06-19T15:33:47.378Z) — skipping
[2026-06-19T15:33:47.410Z] [INFO] [job:alert-3-5939008] Alert #3 is within cooldown (freq=daily, lastRun=2026-06-19T15:33:47.378Z) — skipping
[2026-06-19T15:33:47.411Z] [INFO] [job:alert-3-5939007] Completed successfully
[2026-06-19T15:33:47.412Z] [INFO] [job:alert-3-5939008] Completed successfully
[2026-06-19T15:33:47.412Z] [INFO] [job:alert-3-5939009] Starting — alert #3 (bmw 3-series, UAE)
[2026-06-19T15:33:47.413Z] [INFO] [job:alert-3-5939010] Starting — alert #3 (bmw 3-series, UAE)
[2026-06-19T15:33:47.415Z] [INFO] [job:alert-3-5939009] Alert #3 is within cooldown (freq=daily, lastRun=2026-06-19T15:33:47.378Z) — skipping
[2026-06-19T15:33:47.415Z] [INFO] [job:alert-3-5939010] Alert #3 is within cooldown (freq=daily, lastRun=2026-06-19T15:33:47.378Z) — skipping
[2026-06-19T15:33:47.417Z] [INFO] [job:alert-3-5939009] Completed successfully
[2026-06-19T15:33:47.417Z] [INFO] [job:alert-3-5939010] Completed successfully
[2026-06-19T15:33:47.418Z] [INFO] [job:alert-3-5939011] Starting — alert #3 (bmw 3-series, UAE)
[2026-06-19T15:33:47.418Z] [INFO] [job:alert-3-5939012] Starting — alert #3 (bmw 3-series, UAE)
[2026-06-19T15:33:47.420Z] [INFO] [job:alert-3-5939011] Alert #3 is within cooldown (freq=daily, lastRun=2026-06-19T15:33:47.378Z) — skipping
[2026-06-19T15:33:47.420Z] [INFO] [job:alert-3-5939012] Alert #3 is within cooldown (freq=daily, lastRun=2026-06-19T15:33:47.378Z) — skipping
[2026-06-19T15:33:47.421Z] [INFO] [job:alert-3-5939011] Completed successfully
[2026-06-19T15:33:47.421Z] [INFO] [job:alert-3-5939012] Completed successfully
[2026-06-19T15:33:47.421Z] [INFO] [job:alert-3-5939013] Starting — alert #3 (bmw 3-series, UAE)
[2026-06-19T15:33:47.422Z] [INFO] [job:alert-3-5939014] Starting — alert #3 (bmw 3-series, UAE)
[2026-06-19T15:33:47.423Z] [INFO] [job:alert-3-5939013] Alert #3 is within cooldown (freq=daily, lastRun=2026-06-19T15:33:47.378Z) — skipping
[2026-06-19T15:33:47.423Z] [INFO] [job:alert-3-5939014] Alert #3 is within cooldown (freq=daily, lastRun=2026-06-19T15:33:47.378Z) — skipping
[2026-06-19T15:33:47.424Z] [INFO] [job:alert-3-5939013] Completed successfully
[2026-06-19T15:33:47.425Z] [INFO] [job:alert-3-5939014] Completed successfully
[2026-06-19T15:33:47.425Z] [INFO] [job:alert-3-5939015] Starting — alert #3 (bmw 3-series, UAE)
[2026-06-19T15:33:47.425Z] [INFO] [job:alert-3-5939016] Starting — alert #3 (bmw 3-series, UAE)
[2026-06-19T15:33:47.427Z] [INFO] [job:alert-3-5939015] Alert #3 is within cooldown (freq=daily, lastRun=2026-06-19T15:33:47.378Z) — skipping
[2026-06-19T15:33:47.427Z] [INFO] [job:alert-3-5939016] Alert #3 is within cooldown (freq=daily, lastRun=2026-06-19T15:33:47.378Z) — skipping
[2026-06-19T15:33:47.428Z] [INFO] [job:alert-3-5939015] Completed successfully
[2026-06-19T15:33:47.428Z] [INFO] [job:alert-3-5939017] Starting — alert #3 (bmw 3-series, UAE)
[2026-06-19T15:33:47.429Z] [INFO] [job:alert-3-5939016] Completed successfully
[2026-06-19T15:33:47.429Z] [INFO] [job:alert-3-5939018] Starting — alert #3 (bmw 3-series, UAE)
[2026-06-19T15:33:47.431Z] [INFO] [job:alert-3-5939017] Alert #3 is within cooldown (freq=daily, lastRun=2026-06-19T15:33:47.378Z) — skipping
[2026-06-19T15:33:47.432Z] [INFO] [job:alert-3-5939018] Alert #3 is within cooldown (freq=daily, lastRun=2026-06-19T15:33:47.378Z) — skipping
[2026-06-19T15:33:47.434Z] [INFO] [job:alert-3-5939017] Completed successfully
[2026-06-19T15:33:47.434Z] [INFO] [job:alert-3-5939018] Completed successfully
[2026-06-19T15:33:47.435Z] [INFO] [job:alert-3-5939019] Starting — alert #3 (bmw 3-series, UAE)
[2026-06-19T15:33:47.435Z] [INFO] [job:alert-3-5939020] Starting — alert #3 (bmw 3-series, UAE)
[2026-06-19T15:33:47.437Z] [INFO] [job:alert-3-5939019] Alert #3 is within cooldown (freq=daily, lastRun=2026-06-19T15:33:47.378Z) — skipping
[2026-06-19T15:33:47.437Z] [INFO] [job:alert-3-5939020] Alert #3 is within cooldown (freq=daily, lastRun=2026-06-19T15:33:47.378Z) — skipping
[2026-06-19T15:33:47.438Z] [INFO] [job:alert-3-5939019] Completed successfully
[2026-06-19T15:33:47.439Z] [INFO] [job:alert-3-5939020] Completed successfully
[2026-06-19T15:33:47.439Z] [INFO] [job:alert-3-5939021] Starting — alert #3 (bmw 3-series, UAE)
[2026-06-19T15:33:47.439Z] [INFO] [job:alert-3-5939022] Starting — alert #3 (bmw 3-series, UAE)
[2026-06-19T15:33:47.440Z] [INFO] [job:alert-3-5939021] Alert #3 is within cooldown (freq=daily, lastRun=2026-06-19T15:33:47.378Z) — skipping
[2026-06-19T15:33:47.441Z] [INFO] [job:alert-3-5939022] Alert #3 is within cooldown (freq=daily, lastRun=2026-06-19T15:33:47.378Z) — skipping
[2026-06-19T15:33:47.442Z] [INFO] [job:alert-3-5939021] Completed successfully
[2026-06-19T15:33:47.442Z] [INFO] [job:alert-3-5939022] Completed successfully
[2026-06-19T15:33:47.442Z] [INFO] [job:alert-3-5939023] Starting — alert #3 (bmw 3-series, UAE)
[2026-06-19T15:33:47.443Z] [INFO] [job:alert-3-5939024] Starting — alert #3 (bmw 3-series, UAE)
[2026-06-19T15:33:47.445Z] [INFO] [job:alert-3-5939023] Alert #3 is within cooldown (freq=daily, lastRun=2026-06-19T15:33:47.378Z) — skipping
[2026-06-19T15:33:47.445Z] [INFO] [job:alert-3-5939024] Alert #3 is within cooldown (freq=daily, lastRun=2026-06-19T15:33:47.378Z) — skipping
[2026-06-19T15:33:47.446Z] [INFO] [job:alert-3-5939023] Completed successfully
[2026-06-19T15:33:47.447Z] [INFO] [job:alert-3-5939024] Completed successfully
[2026-06-19T15:33:47.447Z] [INFO] [job:alert-3-5939025] Starting — alert #3 (bmw 3-series, UAE)
[2026-06-19T15:33:47.447Z] [INFO] [job:alert-3-5939026] Starting — alert #3 (bmw 3-series, UAE)
[2026-06-19T15:33:47.449Z] [INFO] [job:alert-3-5939025] Alert #3 is within cooldown (freq=daily, lastRun=2026-06-19T15:33:47.378Z) — skipping
[2026-06-19T15:33:47.450Z] [INFO] [job:alert-3-5939026] Alert #3 is within cooldown (freq=daily, lastRun=2026-06-19T15:33:47.378Z) — skipping
[2026-06-19T15:33:47.451Z] [INFO] [job:alert-3-5939025] Completed successfully
[2026-06-19T15:33:47.452Z] [INFO] [job:alert-3-5939026] Completed successfully
[2026-06-19T15:33:47.452Z] [INFO] [job:alert-3-5939027] Starting — alert #3 (bmw 3-series, UAE)
[2026-06-19T15:33:47.452Z] [INFO] [job:alert-3-5939028] Starting — alert #3 (bmw 3-series, UAE)
[2026-06-19T15:33:47.454Z] [INFO] [job:alert-3-5939027] Alert #3 is within cooldown (freq=daily, lastRun=2026-06-19T15:33:47.378Z) — skipping
[2026-06-19T15:33:47.454Z] [INFO] [job:alert-3-5939028] Alert #3 is within cooldown (freq=daily, lastRun=2026-06-19T15:33:47.378Z) — skipping
[2026-06-19T15:33:47.456Z] [INFO] [job:alert-3-5939027] Completed successfully
[2026-06-19T15:33:47.456Z] [INFO] [job:alert-3-5939029] Starting — alert #3 (bmw 3-series, UAE)
[2026-06-19T15:33:47.458Z] [INFO] [job:alert-3-5939028] Completed successfully
[2026-06-19T15:33:47.458Z] [INFO] [job:alert-3-5939030] Starting — alert #3 (bmw 3-series, UAE)
[2026-06-19T15:33:47.461Z] [INFO] [job:alert-3-5939029] Alert #3 is within cooldown (freq=daily, lastRun=2026-06-19T15:33:47.378Z) — skipping
[2026-06-19T15:33:47.462Z] [INFO] [job:alert-3-5939030] Alert #3 is within cooldown (freq=daily, lastRun=2026-06-19T15:33:47.378Z) — skipping
[2026-06-19T15:33:47.463Z] [INFO] [job:alert-3-5939029] Completed successfully
[2026-06-19T15:33:47.463Z] [INFO] [job:alert-3-5939030] Completed successfully
[2026-06-19T15:33:47.464Z] [INFO] [job:alert-3-5939031] Starting — alert #3 (bmw 3-series, UAE)
[2026-06-19T15:33:47.464Z] [INFO] [job:alert-3-5939032] Starting — alert #3 (bmw 3-series, UAE)
[2026-06-19T15:33:47.466Z] [INFO] [job:alert-3-5939031] Alert #3 is within cooldown (freq=daily, lastRun=2026-06-19T15:33:47.378Z) — skipping
[2026-06-19T15:33:47.466Z] [INFO] [job:alert-3-5939032] Alert #3 is within cooldown (freq=daily, lastRun=2026-06-19T15:33:47.378Z) — skipping
[2026-06-19T15:33:47.468Z] [INFO] [job:alert-3-5939031] Completed successfully
[2026-06-19T15:33:47.468Z] [INFO] [job:alert-3-5939032] Completed successfully
[2026-06-19T15:33:47.468Z] [INFO] [job:alert-3-5939033] Starting — alert #3 (bmw 3-series, UAE)
[2026-06-19T15:33:47.468Z] [INFO] [job:alert-3-5939034] Starting — alert #3 (bmw 3-series, UAE)
[2026-06-19T15:33:47.470Z] [INFO] [job:alert-3-5939033] Alert #3 is within cooldown (freq=daily, lastRun=2026-06-19T15:33:47.378Z) — skipping
[2026-06-19T15:33:47.470Z] [INFO] [job:alert-3-5939034] Alert #3 is within cooldown (freq=daily, lastRun=2026-06-19T15:33:47.378Z) — skipping
[2026-06-19T15:33:47.472Z] [INFO] [job:alert-3-5939033] Completed successfully
[2026-06-19T15:33:47.472Z] [INFO] [job:alert-3-5939034] Completed successfully
[2026-06-19T15:33:47.472Z] [INFO] [job:alert-3-5939035] Starting — alert #3 (bmw 3-series, UAE)
[2026-06-19T15:33:47.472Z] [INFO] [job:alert-3-5939036] Starting — alert #3 (bmw 3-series, UAE)
[2026-06-19T15:33:47.474Z] [INFO] [job:alert-3-5939035] Alert #3 is within cooldown (freq=daily, lastRun=2026-06-19T15:33:47.378Z) — skipping
[2026-06-19T15:33:47.474Z] [INFO] [job:alert-3-5939036] Alert #3 is within cooldown (freq=daily, lastRun=2026-06-19T15:33:47.378Z) — skipping
[2026-06-19T15:33:47.476Z] [INFO] [job:alert-3-5939035] Completed successfully
[2026-06-19T15:33:47.476Z] [INFO] [job:alert-3-5939036] Completed successfully
[2026-06-19T15:33:47.476Z] [INFO] [job:alert-3-5939037] Starting — alert #3 (bmw 3-series, UAE)
[2026-06-19T15:33:47.476Z] [INFO] [job:alert-3-5939038] Starting — alert #3 (bmw 3-series, UAE)
[2026-06-19T15:33:47.478Z] [INFO] [job:alert-3-5939037] Alert #3 is within cooldown (freq=daily, lastRun=2026-06-19T15:33:47.378Z) — skipping
[2026-06-19T15:33:47.478Z] [INFO] [job:alert-3-5939038] Alert #3 is within cooldown (freq=daily, lastRun=2026-06-19T15:33:47.378Z) — skipping
[2026-06-19T15:33:47.479Z] [INFO] [job:alert-3-5939037] Completed successfully
[2026-06-19T15:33:47.479Z] [INFO] [job:alert-3-5939038] Completed successfully
[2026-06-19T15:33:47.480Z] [INFO] [job:alert-3-5939039] Starting — alert #3 (bmw 3-series, UAE)
[2026-06-19T15:33:47.480Z] [INFO] [job:alert-3-5939040] Starting — alert #3 (bmw 3-series, UAE)
[2026-06-19T15:33:47.482Z] [INFO] [job:alert-3-5939039] Alert #3 is within cooldown (freq=daily, lastRun=2026-06-19T15:33:47.378Z) — skipping
[2026-06-19T15:33:47.482Z] [INFO] [job:alert-3-5939040] Alert #3 is within cooldown (freq=daily, lastRun=2026-06-19T15:33:47.378Z) — skipping
[2026-06-19T15:33:47.484Z] [INFO] [job:alert-3-5939039] Completed successfully
[2026-06-19T15:33:47.485Z] [INFO] [job:alert-3-5939040] Completed successfully
[2026-06-19T15:33:47.485Z] [INFO] [job:alert-3-5939041] Starting — alert #3 (bmw 3-series, UAE)
[2026-06-19T15:33:47.485Z] [INFO] [job:alert-3-5939042] Starting — alert #3 (bmw 3-series, UAE)
[2026-06-19T15:33:47.487Z] [INFO] [job:alert-3-5939041] Alert #3 is within cooldown (freq=daily, lastRun=2026-06-19T15:33:47.378Z) — skipping
[2026-06-19T15:33:47.487Z] [INFO] [job:alert-3-5939042] Alert #3 is within cooldown (freq=daily, lastRun=2026-06-19T15:33:47.378Z) — skipping
[2026-06-19T15:33:47.488Z] [INFO] [job:alert-3-5939041] Completed successfully
[2026-06-19T15:33:47.488Z] [INFO] [job:alert-3-5939042] Completed successfully
[2026-06-19T15:33:47.489Z] [INFO] [job:alert-3-5939043] Starting — alert #3 (bmw 3-series, UAE)
[2026-06-19T15:33:47.489Z] [INFO] [job:alert-3-5939044] Starting — alert #3 (bmw 3-series, UAE)
[2026-06-19T15:33:47.491Z] [INFO] [job:alert-3-5939043] Alert #3 is within cooldown (freq=daily, lastRun=2026-06-19T15:33:47.378Z) — skipping
[2026-06-19T15:33:47.491Z] [INFO] [job:alert-3-5939044] Alert #3 is within cooldown (freq=daily, lastRun=2026-06-19T15:33:47.378Z) — skipping
[2026-06-19T15:33:47.492Z] [INFO] [job:alert-3-5939043] Completed successfully
[2026-06-19T15:33:47.492Z] [INFO] [job:alert-3-5939044] Completed successfully
[2026-06-19T15:33:47.492Z] [INFO] [job:alert-3-5939045] Starting — alert #3 (bmw 3-series, UAE)
[2026-06-19T15:33:47.493Z] [INFO] [job:alert-3-5939046] Starting — alert #3 (bmw 3-series, UAE)
[2026-06-19T15:33:47.495Z] [INFO] [job:alert-3-5939045] Alert #3 is within cooldown (freq=daily, lastRun=2026-06-19T15:33:47.378Z) — skipping
[2026-06-19T15:33:47.495Z] [INFO] [job:alert-3-5939046] Alert #3 is within cooldown (freq=daily, lastRun=2026-06-19T15:33:47.378Z) — skipping
[2026-06-19T15:33:47.496Z] [INFO] [job:alert-3-5939045] Completed successfully
[2026-06-19T15:33:47.496Z] [INFO] [job:alert-3-5939046] Completed successfully
[2026-06-19T15:33:47.497Z] [INFO] [job:alert-3-5939047] Starting — alert #3 (bmw 3-series, UAE)
[2026-06-19T15:33:47.497Z] [INFO] [job:alert-3-5939048] Starting — alert #3 (bmw 3-series, UAE)
[2026-06-19T15:33:47.499Z] [INFO] [job:alert-3-5939047] Alert #3 is within cooldown (freq=daily, lastRun=2026-06-19T15:33:47.378Z) — skipping
[2026-06-19T15:33:47.499Z] [INFO] [job:alert-3-5939048] Alert #3 is within cooldown (freq=daily, lastRun=2026-06-19T15:33:47.378Z) — skipping
[2026-06-19T15:33:47.501Z] [INFO] [job:alert-3-5939047] Completed successfully
[2026-06-19T15:33:47.502Z] [INFO] [job:alert-3-5939049] Starting — alert #3 (bmw 3-series, UAE)
[2026-06-19T15:33:47.503Z] [INFO] [job:alert-3-5939048] Completed successfully
[2026-06-19T15:33:47.503Z] [INFO] [job:alert-3-5939050] Starting — alert #3 (bmw 3-series, UAE)
[2026-06-19T15:33:47.505Z] [INFO] [job:alert-3-5939049] Alert #3 is within cooldown (freq=daily, lastRun=2026-06-19T15:33:47.378Z) — skipping
[2026-06-19T15:33:47.506Z] [INFO] [job:alert-3-5939050] Alert #3 is within cooldown (freq=daily, lastRun=2026-06-19T15:33:47.378Z) — skipping
[2026-06-19T15:33:47.506Z] [INFO] [job:alert-3-5939049] Completed successfully
[2026-06-19T15:33:47.507Z] [INFO] [job:alert-3-5939050] Completed successfully
[2026-06-19T15:33:47.507Z] [INFO] [job:alert-3-5939051] Starting — alert #3 (bmw 3-series, UAE)
[2026-06-19T15:33:47.507Z] [INFO] [job:alert-3-5939052] Starting — alert #3 (bmw 3-series, UAE)
[2026-06-19T15:33:47.509Z] [INFO] [job:alert-3-5939051] Alert #3 is within cooldown (freq=daily, lastRun=2026-06-19T15:33:47.378Z) — skipping
[2026-06-19T15:33:47.509Z] [INFO] [job:alert-3-5939052] Alert #3 is within cooldown (freq=daily, lastRun=2026-06-19T15:33:47.378Z) — skipping
[2026-06-19T15:33:47.519Z] [INFO] [job:alert-3-5939051] Completed successfully
[2026-06-19T15:33:47.519Z] [INFO] [job:alert-3-5939052] Completed successfully
[2026-06-19T15:33:47.519Z] [INFO] [job:alert-3-5939053] Starting — alert #3 (bmw 3-series, UAE)
[2026-06-19T15:33:47.519Z] [INFO] [job:alert-3-5939054] Starting — alert #3 (bmw 3-series, UAE)
[2026-06-19T15:33:47.522Z] [INFO] [job:alert-3-5939053] Alert #3 is within cooldown (freq=daily, lastRun=2026-06-19T15:33:47.378Z) — skipping
[2026-06-19T15:33:47.522Z] [INFO] [job:alert-3-5939054] Alert #3 is within cooldown (freq=daily, lastRun=2026-06-19T15:33:47.378Z) — skipping
[2026-06-19T15:33:47.524Z] [INFO] [job:alert-3-5939053] Completed successfully
[2026-06-19T15:33:47.524Z] [INFO] [job:alert-3-5939054] Completed successfully
[2026-06-19T15:33:47.525Z] [INFO] [job:alert-3-5939055] Starting — alert #3 (bmw 3-series, UAE)
[2026-06-19T15:33:47.526Z] [INFO] [job:alert-3-5939056] Starting — alert #3 (bmw 3-series, UAE)
[2026-06-19T15:33:47.530Z] [INFO] [job:alert-3-5939055] Alert #3 is within cooldown (freq=daily, lastRun=2026-06-19T15:33:47.378Z) — skipping
[2026-06-19T15:33:47.530Z] [INFO] [job:alert-3-5939056] Alert #3 is within cooldown (freq=daily, lastRun=2026-06-19T15:33:47.378Z) — skipping
[2026-06-19T15:33:47.532Z] [INFO] [job:alert-3-5939055] Completed successfully
[2026-06-19T15:33:47.532Z] [INFO] [job:alert-3-5939056] Completed successfully
[2026-06-19T15:33:47.532Z] [INFO] [job:alert-3-5939057] Starting — alert #3 (bmw 3-series, UAE)
[2026-06-19T15:33:47.540Z] [INFO] [job:alert-3-5939058] Starting — alert #3 (bmw 3-series, UAE)
[2026-06-19T15:33:47.570Z] [INFO] [job:alert-3-5939057] Alert #3 is within cooldown (freq=daily, lastRun=2026-06-19T15:33:47.378Z) — skipping
[2026-06-19T15:33:47.571Z] [INFO] [job:alert-3-5939058] Alert #3 is within cooldown (freq=daily, lastRun=2026-06-19T15:33:47.378Z) — skipping
[2026-06-19T15:33:47.572Z] [INFO] [job:alert-3-5939057] Completed successfully
[2026-06-19T15:33:47.572Z] [INFO] [job:alert-3-5939058] Completed successfully
[2026-06-19T15:33:47.573Z] [INFO] [job:alert-3-5939059] Starting — alert #3 (bmw 3-series, UAE)
[2026-06-19T15:33:47.573Z] [INFO] [job:alert-3-5939060] Starting — alert #3 (bmw 3-series, UAE)
[2026-06-19T15:33:47.584Z] [INFO] [job:alert-3-5939059] Alert #3 is within cooldown (freq=daily, lastRun=2026-06-19T15:33:47.378Z) — skipping
[2026-06-19T15:33:47.584Z] [INFO] [job:alert-3-5939060] Alert #3 is within cooldown (freq=daily, lastRun=2026-06-19T15:33:47.378Z) — skipping
[2026-06-19T15:33:47.589Z] [INFO] [job:alert-3-5939059] Completed successfully
[2026-06-19T15:33:47.589Z] [INFO] [job:alert-3-5939060] Completed successfully
[2026-06-19T15:33:47.589Z] [INFO] [job:alert-3-5939061] Starting — alert #3 (bmw 3-series, UAE)
[2026-06-19T15:33:47.590Z] [INFO] [job:alert-3-5939062] Starting — alert #3 (bmw 3-series, UAE)
[2026-06-19T15:33:47.600Z] [INFO] [job:alert-3-5939061] Alert #3 is within cooldown (freq=daily, lastRun=2026-06-19T15:33:47.378Z) — skipping
[2026-06-19T15:33:47.600Z] [INFO] [job:alert-3-5939062] Alert #3 is within cooldown (freq=daily, lastRun=2026-06-19T15:33:47.378Z) — skipping
[2026-06-19T15:33:47.604Z] [INFO] [job:alert-3-5939061] Completed successfully
[2026-06-19T15:33:47.605Z] [INFO] [job:alert-3-5939062] Completed successfully
[2026-06-19T15:33:47.605Z] [INFO] [job:alert-3-5939063] Starting — alert #3 (bmw 3-series, UAE)
[2026-06-19T15:33:47.605Z] [INFO] [job:alert-3-5939064] Starting — alert #3 (bmw 3-series, UAE)
[2026-06-19T15:33:47.611Z] [INFO] [job:alert-3-5939063] Alert #3 is within cooldown (freq=daily, lastRun=2026-06-19T15:33:47.378Z) — skipping
[2026-06-19T15:33:47.611Z] [INFO] [job:alert-3-5939064] Alert #3 is within cooldown (freq=daily, lastRun=2026-06-19T15:33:47.378Z) — skipping
[2026-06-19T15:33:47.613Z] [INFO] [job:alert-3-5939063] Completed successfully
[2026-06-19T15:33:47.613Z] [INFO] [job:alert-3-5939064] Completed successfully
[2026-06-19T15:33:47.613Z] [INFO] [job:alert-3-5939065] Starting — alert #3 (bmw 3-series, UAE)
[2026-06-19T15:33:47.614Z] [INFO] [job:alert-3-5939066] Starting — alert #3 (bmw 3-series, UAE)
[2026-06-19T15:33:47.617Z] [INFO] [job:alert-3-5939065] Alert #3 is within cooldown (freq=daily, lastRun=2026-06-19T15:33:47.378Z) — skipping
[2026-06-19T15:33:47.618Z] [INFO] [job:alert-3-5939066] Alert #3 is within cooldown (freq=daily, lastRun=2026-06-19T15:33:47.378Z) — skipping
[2026-06-19T15:33:47.620Z] [INFO] [job:alert-3-5939065] Completed successfully
[2026-06-19T15:33:47.621Z] [INFO] [job:alert-3-5939066] Completed successfully
[2026-06-19T15:33:47.623Z] [INFO] [job:alert-3-5939067] Starting — alert #3 (bmw 3-series, UAE)
[2026-06-19T15:33:47.624Z] [INFO] [job:alert-3-5939068] Starting — alert #3 (bmw 3-series, UAE)
[2026-06-19T15:33:47.627Z] [INFO] [job:alert-3-5939067] Alert #3 is within cooldown (freq=daily, lastRun=2026-06-19T15:33:47.378Z) — skipping
[2026-06-19T15:33:47.627Z] [INFO] [job:alert-3-5939068] Alert #3 is within cooldown (freq=daily, lastRun=2026-06-19T15:33:47.378Z) — skipping
[2026-06-19T15:33:47.629Z] [INFO] [job:alert-3-5939067] Completed successfully
[2026-06-19T15:33:47.630Z] [INFO] [job:alert-3-5939068] Completed successfully
[2026-06-19T15:33:47.630Z] [INFO] [job:alert-3-5939069] Starting — alert #3 (bmw 3-series, UAE)
[2026-06-19T15:33:47.631Z] [INFO] [job:alert-3-5939070] Starting — alert #3 (bmw 3-series, UAE)
[2026-06-19T15:33:47.635Z] [INFO] [job:alert-3-5939069] Alert #3 is within cooldown (freq=daily, lastRun=2026-06-19T15:33:47.378Z) — skipping
[2026-06-19T15:33:47.636Z] [INFO] [job:alert-3-5939070] Alert #3 is within cooldown (freq=daily, lastRun=2026-06-19T15:33:47.378Z) — skipping
[2026-06-19T15:33:47.640Z] [INFO] [job:alert-3-5939069] Completed successfully
[2026-06-19T15:33:47.641Z] [INFO] [job:alert-3-5939070] Completed successfully
[2026-06-19T15:33:47.641Z] [INFO] [job:alert-3-5939071] Starting — alert #3 (bmw 3-series, UAE)
[2026-06-19T15:33:47.641Z] [INFO] [job:alert-3-5939072] Starting — alert #3 (bmw 3-series, UAE)
[2026-06-19T15:33:47.646Z] [INFO] [job:alert-3-5939071] Alert #3 is within cooldown (freq=daily, lastRun=2026-06-19T15:33:47.378Z) — skipping
[2026-06-19T15:33:47.646Z] [INFO] [job:alert-3-5939072] Alert #3 is within cooldown (freq=daily, lastRun=2026-06-19T15:33:47.378Z) — skipping
[2026-06-19T15:33:47.650Z] [INFO] [job:alert-3-5939071] Completed successfully
[2026-06-19T15:33:47.651Z] [INFO] [job:alert-3-5939072] Completed successfully
[2026-06-19T15:33:47.653Z] [INFO] [job:alert-3-5939073] Starting — alert #3 (bmw 3-series, UAE)
[2026-06-19T15:33:47.653Z] [INFO] [job:alert-3-5939272] Starting — alert #3 (bmw 3-series, UAE)
[2026-06-19T15:33:47.655Z] [INFO] [job:alert-3-5939073] Alert #3 is within cooldown (freq=daily, lastRun=2026-06-19T15:33:47.378Z) — skipping
[2026-06-19T15:33:47.655Z] [INFO] [job:alert-3-5939272] Alert #3 is within cooldown (freq=daily, lastRun=2026-06-19T15:33:47.378Z) — skipping
[2026-06-19T15:33:47.655Z] [INFO] [job:alert-3-5939073] Completed successfully
[2026-06-19T15:33:47.656Z] [INFO] [job:alert-3-5939272] Completed successfully
[2026-06-19T15:33:47.656Z] [INFO] [job:alert-3-5939273] Starting — alert #3 (bmw 3-series, UAE)
[2026-06-19T15:33:47.656Z] [INFO] [job:alert-3-5939274] Starting — alert #3 (bmw 3-series, UAE)
[2026-06-19T15:33:47.657Z] [INFO] [job:alert-3-5939273] Alert #3 is within cooldown (freq=daily, lastRun=2026-06-19T15:33:47.378Z) — skipping
[2026-06-19T15:33:47.657Z] [INFO] [job:alert-3-5939274] Alert #3 is within cooldown (freq=daily, lastRun=2026-06-19T15:33:47.378Z) — skipping
[2026-06-19T15:33:47.658Z] [INFO] [job:alert-3-5939273] Completed successfully
[2026-06-19T15:33:47.658Z] [INFO] [job:alert-3-5939274] Completed successfully
[2026-06-19T15:33:47.658Z] [INFO] [job:alert-3-5939275] Starting — alert #3 (bmw 3-series, UAE)
[2026-06-19T15:33:47.659Z] [INFO] [job:alert-3-5939276] Starting — alert #3 (bmw 3-series, UAE)
[2026-06-19T15:33:47.660Z] [INFO] [job:alert-3-5939275] Alert #3 is within cooldown (freq=daily, lastRun=2026-06-19T15:33:47.378Z) — skipping
[2026-06-19T15:33:47.661Z] [INFO] [job:alert-3-5939276] Alert #3 is within cooldown (freq=daily, lastRun=2026-06-19T15:33:47.378Z) — skipping
[2026-06-19T15:33:47.662Z] [INFO] [job:alert-3-5939275] Completed successfully
[2026-06-19T15:33:47.662Z] [INFO] [job:alert-3-5939276] Completed successfully
[2026-06-19T15:33:47.662Z] [INFO] [job:alert-3-5939277] Starting — alert #3 (bmw 3-series, UAE)
[2026-06-19T15:33:47.662Z] [INFO] [job:alert-3-5939278] Starting — alert #3 (bmw 3-series, UAE)
[2026-06-19T15:33:47.664Z] [INFO] [job:alert-3-5939277] Alert #3 is within cooldown (freq=daily, lastRun=2026-06-19T15:33:47.378Z) — skipping
[2026-06-19T15:33:47.664Z] [INFO] [job:alert-3-5939278] Alert #3 is within cooldown (freq=daily, lastRun=2026-06-19T15:33:47.378Z) — skipping
[2026-06-19T15:33:47.665Z] [INFO] [job:alert-3-5939277] Completed successfully
[2026-06-19T15:33:47.665Z] [INFO] [job:alert-3-5939278] Completed successfully
[2026-06-19T15:33:47.666Z] [INFO] [job:alert-3-5939279] Starting — alert #3 (bmw 3-series, UAE)
[2026-06-19T15:33:47.666Z] [INFO] [job:alert-3-5939280] Starting — alert #3 (bmw 3-series, UAE)
[2026-06-19T15:33:47.668Z] [INFO] [job:alert-3-5939279] Alert #3 is within cooldown (freq=daily, lastRun=2026-06-19T15:33:47.378Z) — skipping
[2026-06-19T15:33:47.668Z] [INFO] [job:alert-3-5939280] Alert #3 is within cooldown (freq=daily, lastRun=2026-06-19T15:33:47.378Z) — skipping
[2026-06-19T15:33:47.669Z] [INFO] [job:alert-3-5939279] Completed successfully
[2026-06-19T15:33:47.669Z] [INFO] [job:alert-3-5939281] Starting — alert #3 (bmw 3-series, UAE)
[2026-06-19T15:33:47.670Z] [INFO] [job:alert-3-5939280] Completed successfully
[2026-06-19T15:33:47.670Z] [INFO] [job:alert-3-5939282] Starting — alert #3 (bmw 3-series, UAE)
[2026-06-19T15:33:47.671Z] [INFO] [job:alert-3-5939281] Alert #3 is within cooldown (freq=daily, lastRun=2026-06-19T15:33:47.378Z) — skipping
[2026-06-19T15:33:47.672Z] [INFO] [job:alert-3-5939282] Alert #3 is within cooldown (freq=daily, lastRun=2026-06-19T15:33:47.378Z) — skipping
[2026-06-19T15:33:47.672Z] [INFO] [job:alert-3-5939281] Completed successfully
[2026-06-19T15:33:47.672Z] [INFO] [job:alert-3-5939283] Starting — alert #3 (bmw 3-series, UAE)
[2026-06-19T15:33:47.673Z] [INFO] [job:alert-3-5939282] Completed successfully
[2026-06-19T15:33:47.673Z] [INFO] [job:alert-3-5939284] Starting — alert #3 (bmw 3-series, UAE)
[2026-06-19T15:33:47.674Z] [INFO] [job:alert-3-5939283] Alert #3 is within cooldown (freq=daily, lastRun=2026-06-19T15:33:47.378Z) — skipping
[2026-06-19T15:33:47.675Z] [INFO] [job:alert-3-5939284] Alert #3 is within cooldown (freq=daily, lastRun=2026-06-19T15:33:47.378Z) — skipping
[2026-06-19T15:33:47.675Z] [INFO] [job:alert-3-5939283] Completed successfully
[2026-06-19T15:33:47.675Z] [INFO] [job:alert-3-5939285] Starting — alert #3 (bmw 3-series, UAE)
[2026-06-19T15:33:47.677Z] [INFO] [job:alert-3-5939284] Completed successfully
[2026-06-19T15:33:47.677Z] [INFO] [job:alert-3-5939286] Starting — alert #3 (bmw 3-series, UAE)
[2026-06-19T15:33:47.678Z] [INFO] [job:alert-3-5939285] Alert #3 is within cooldown (freq=daily, lastRun=2026-06-19T15:33:47.378Z) — skipping
[2026-06-19T15:33:47.678Z] [INFO] [job:alert-3-5939286] Alert #3 is within cooldown (freq=daily, lastRun=2026-06-19T15:33:47.378Z) — skipping
[2026-06-19T15:33:47.679Z] [INFO] [job:alert-3-5939285] Completed successfully
[2026-06-19T15:33:47.679Z] [INFO] [job:alert-3-5939287] Starting — alert #3 (bmw 3-series, UAE)
[2026-06-19T15:33:47.681Z] [INFO] [job:alert-3-5939286] Completed successfully
[2026-06-19T15:33:47.681Z] [INFO] [job:alert-3-5939288] Starting — alert #3 (bmw 3-series, UAE)
[2026-06-19T15:33:47.682Z] [INFO] [job:alert-3-5939287] Alert #3 is within cooldown (freq=daily, lastRun=2026-06-19T15:33:47.378Z) — skipping
[2026-06-19T15:33:47.683Z] [INFO] [job:alert-3-5939288] Alert #3 is within cooldown (freq=daily, lastRun=2026-06-19T15:33:47.378Z) — skipping
[2026-06-19T15:33:47.684Z] [INFO] [job:alert-3-5939287] Completed successfully
[2026-06-19T15:33:47.684Z] [INFO] [job:alert-3-5939288] Completed successfully
[2026-06-19T15:33:47.684Z] [INFO] [job:alert-3-5939289] Starting — alert #3 (bmw 3-series, UAE)
[2026-06-19T15:33:47.686Z] [INFO] [job:alert-3-5939290] Starting — alert #3 (bmw 3-series, UAE)
[2026-06-19T15:33:47.688Z] [INFO] [job:alert-3-5939289] Alert #3 is within cooldown (freq=daily, lastRun=2026-06-19T15:33:47.378Z) — skipping
[2026-06-19T15:33:47.688Z] [INFO] [job:alert-3-5939290] Alert #3 is within cooldown (freq=daily, lastRun=2026-06-19T15:33:47.378Z) — skipping
[2026-06-19T15:33:47.690Z] [INFO] [job:alert-3-5939289] Completed successfully
[2026-06-19T15:33:47.690Z] [INFO] [job:alert-3-5939290] Completed successfully
[2026-06-19T15:33:47.690Z] [INFO] [job:alert-3-5939291] Starting — alert #3 (bmw 3-series, UAE)
[2026-06-19T15:33:47.690Z] [INFO] [job:alert-3-5939292] Starting — alert #3 (bmw 3-series, UAE)
[2026-06-19T15:33:47.692Z] [INFO] [job:alert-3-5939291] Alert #3 is within cooldown (freq=daily, lastRun=2026-06-19T15:33:47.378Z) — skipping
[2026-06-19T15:33:47.692Z] [INFO] [job:alert-3-5939292] Alert #3 is within cooldown (freq=daily, lastRun=2026-06-19T15:33:47.378Z) — skipping
[2026-06-19T15:33:47.693Z] [INFO] [job:alert-3-5939291] Completed successfully
[2026-06-19T15:33:47.694Z] [INFO] [job:alert-3-5939292] Completed successfully
[2026-06-19T15:33:47.694Z] [INFO] [job:alert-3-5939293] Starting — alert #3 (bmw 3-series, UAE)
[2026-06-19T15:33:47.695Z] [INFO] [job:alert-3-5939294] Starting — alert #3 (bmw 3-series, UAE)
[2026-06-19T15:33:47.696Z] [INFO] [job:alert-3-5939293] Alert #3 is within cooldown (freq=daily, lastRun=2026-06-19T15:33:47.378Z) — skipping
[2026-06-19T15:33:47.696Z] [INFO] [job:alert-3-5939294] Alert #3 is within cooldown (freq=daily, lastRun=2026-06-19T15:33:47.378Z) — skipping
[2026-06-19T15:33:47.697Z] [INFO] [job:alert-3-5939293] Completed successfully
[2026-06-19T15:33:47.697Z] [INFO] [job:alert-3-5939294] Completed successfully
[2026-06-19T15:33:47.697Z] [INFO] [job:alert-3-5939295] Starting — alert #3 (bmw 3-series, UAE)
[2026-06-19T15:33:47.698Z] [INFO] [job:alert-3-5939296] Starting — alert #3 (bmw 3-series, UAE)
[2026-06-19T15:33:47.699Z] [INFO] [job:alert-3-5939295] Alert #3 is within cooldown (freq=daily, lastRun=2026-06-19T15:33:47.378Z) — skipping
[2026-06-19T15:33:47.699Z] [INFO] [job:alert-3-5939296] Alert #3 is within cooldown (freq=daily, lastRun=2026-06-19T15:33:47.378Z) — skipping
[2026-06-19T15:33:47.700Z] [INFO] [job:alert-3-5939295] Completed successfully
[2026-06-19T15:33:47.700Z] [INFO] [job:alert-3-5939296] Completed successfully
[2026-06-19T15:33:47.701Z] [INFO] [job:alert-3-5939297] Starting — alert #3 (bmw 3-series, UAE)
[2026-06-19T15:33:47.701Z] [INFO] [job:alert-3-5939298] Starting — alert #3 (bmw 3-series, UAE)
[2026-06-19T15:33:47.702Z] [INFO] [job:alert-3-5939297] Alert #3 is within cooldown (freq=daily, lastRun=2026-06-19T15:33:47.378Z) — skipping
[2026-06-19T15:33:47.702Z] [INFO] [job:alert-3-5939298] Alert #3 is within cooldown (freq=daily, lastRun=2026-06-19T15:33:47.378Z) — skipping
[2026-06-19T15:33:47.703Z] [INFO] [job:alert-3-5939297] Completed successfully
[2026-06-19T15:33:47.703Z] [INFO] [job:alert-3-5939298] Completed successfully
[2026-06-19T15:33:47.703Z] [INFO] [job:alert-3-5939299] Starting — alert #3 (bmw 3-series, UAE)
[2026-06-19T15:33:47.704Z] [INFO] [job:alert-3-5939300] Starting — alert #3 (bmw 3-series, UAE)
[2026-06-19T15:33:47.705Z] [INFO] [job:alert-3-5939299] Alert #3 is within cooldown (freq=daily, lastRun=2026-06-19T15:33:47.378Z) — skipping
[2026-06-19T15:33:47.705Z] [INFO] [job:alert-3-5939300] Alert #3 is within cooldown (freq=daily, lastRun=2026-06-19T15:33:47.378Z) — skipping
[2026-06-19T15:33:47.706Z] [INFO] [job:alert-3-5939299] Completed successfully
[2026-06-19T15:33:47.706Z] [INFO] [job:alert-3-5939301] Starting — alert #3 (bmw 3-series, UAE)
[2026-06-19T15:33:47.707Z] [INFO] [job:alert-3-5939300] Completed successfully
[2026-06-19T15:33:47.707Z] [INFO] [job:alert-3-5939302] Starting — alert #3 (bmw 3-series, UAE)
[2026-06-19T15:33:47.708Z] [INFO] [job:alert-3-5939301] Alert #3 is within cooldown (freq=daily, lastRun=2026-06-19T15:33:47.378Z) — skipping
[2026-06-19T15:33:47.709Z] [INFO] [job:alert-3-5939302] Alert #3 is within cooldown (freq=daily, lastRun=2026-06-19T15:33:47.378Z) — skipping
[2026-06-19T15:33:47.709Z] [INFO] [job:alert-3-5939301] Completed successfully
[2026-06-19T15:33:47.710Z] [INFO] [job:alert-3-5939303] Starting — alert #3 (bmw 3-series, UAE)
[2026-06-19T15:33:47.711Z] [INFO] [job:alert-3-5939302] Completed successfully
[2026-06-19T15:33:47.711Z] [INFO] [job:alert-3-5939304] Starting — alert #3 (bmw 3-series, UAE)
[2026-06-19T15:33:47.712Z] [INFO] [job:alert-3-5939303] Alert #3 is within cooldown (freq=daily, lastRun=2026-06-19T15:33:47.378Z) — skipping
[2026-06-19T15:33:47.712Z] [INFO] [job:alert-3-5939304] Alert #3 is within cooldown (freq=daily, lastRun=2026-06-19T15:33:47.378Z) — skipping
[2026-06-19T15:33:47.713Z] [INFO] [job:alert-3-5939303] Completed successfully
[2026-06-19T15:33:47.713Z] [INFO] [job:alert-3-5939305] Starting — alert #3 (bmw 3-series, UAE)
[2026-06-19T15:33:47.714Z] [INFO] [job:alert-3-5939304] Completed successfully
[2026-06-19T15:33:47.714Z] [INFO] [job:alert-3-5939306] Starting — alert #3 (bmw 3-series, UAE)
[2026-06-19T15:33:47.716Z] [INFO] [job:alert-3-5939305] Alert #3 is within cooldown (freq=daily, lastRun=2026-06-19T15:33:47.378Z) — skipping
[2026-06-19T15:33:47.717Z] [INFO] [job:alert-3-5939306] Alert #3 is within cooldown (freq=daily, lastRun=2026-06-19T15:33:47.378Z) — skipping
[2026-06-19T15:33:47.717Z] [INFO] [job:alert-3-5939305] Completed successfully
[2026-06-19T15:33:47.718Z] [INFO] [job:alert-3-5939307] Starting — alert #3 (bmw 3-series, UAE)
[2026-06-19T15:33:47.719Z] [INFO] [job:alert-3-5939306] Completed successfully
[2026-06-19T15:33:47.719Z] [INFO] [job:alert-3-5939308] Starting — alert #3 (bmw 3-series, UAE)
[2026-06-19T15:33:47.720Z] [INFO] [job:alert-3-5939307] Alert #3 is within cooldown (freq=daily, lastRun=2026-06-19T15:33:47.378Z) — skipping
[2026-06-19T15:33:47.721Z] [INFO] [job:alert-3-5939308] Alert #3 is within cooldown (freq=daily, lastRun=2026-06-19T15:33:47.378Z) — skipping
[2026-06-19T15:33:47.722Z] [INFO] [job:alert-3-5939307] Completed successfully
[2026-06-19T15:33:47.722Z] [INFO] [job:alert-3-5939309] Starting — alert #3 (bmw 3-series, UAE)
[2026-06-19T15:33:47.723Z] [INFO] [job:alert-3-5939308] Completed successfully
[2026-06-19T15:33:47.723Z] [INFO] [job:alert-3-5939310] Starting — alert #3 (bmw 3-series, UAE)
[2026-06-19T15:33:47.724Z] [INFO] [job:alert-3-5939309] Alert #3 is within cooldown (freq=daily, lastRun=2026-06-19T15:33:47.378Z) — skipping
[2026-06-19T15:33:47.725Z] [INFO] [job:alert-3-5939310] Alert #3 is within cooldown (freq=daily, lastRun=2026-06-19T15:33:47.378Z) — skipping
[2026-06-19T15:33:47.725Z] [INFO] [job:alert-3-5939309] Completed successfully
[2026-06-19T15:33:47.725Z] [INFO] [job:alert-3-5939311] Starting — alert #3 (bmw 3-series, UAE)
[2026-06-19T15:33:47.726Z] [INFO] [job:alert-3-5939310] Completed successfully
[2026-06-19T15:33:47.727Z] [INFO] [job:alert-3-5939312] Starting — alert #3 (bmw 3-series, UAE)
[2026-06-19T15:33:47.727Z] [INFO] [job:alert-3-5939311] Alert #3 is within cooldown (freq=daily, lastRun=2026-06-19T15:33:47.378Z) — skipping
[2026-06-19T15:33:47.728Z] [INFO] [job:alert-3-5939312] Alert #3 is within cooldown (freq=daily, lastRun=2026-06-19T15:33:47.378Z) — skipping
[2026-06-19T15:33:47.728Z] [INFO] [job:alert-3-5939311] Completed successfully
[2026-06-19T15:33:47.728Z] [INFO] [job:alert-3-5939312] Completed successfully
[2026-06-19T15:33:47.729Z] [INFO] [job:alert-3-5939313] Starting — alert #3 (bmw 3-series, UAE)
[2026-06-19T15:33:47.729Z] [INFO] [job:alert-3-5939314] Starting — alert #3 (bmw 3-series, UAE)
[2026-06-19T15:33:47.730Z] [INFO] [job:alert-3-5939313] Alert #3 is within cooldown (freq=daily, lastRun=2026-06-19T15:33:47.378Z) — skipping
[2026-06-19T15:33:47.730Z] [INFO] [job:alert-3-5939314] Alert #3 is within cooldown (freq=daily, lastRun=2026-06-19T15:33:47.378Z) — skipping
[2026-06-19T15:33:47.731Z] [INFO] [job:alert-3-5939313] Completed successfully
[2026-06-19T15:33:47.731Z] [INFO] [job:alert-3-5939314] Completed successfully
[2026-06-19T15:33:47.731Z] [INFO] [job:alert-3-5939315] Starting — alert #3 (bmw 3-series, UAE)
[2026-06-19T15:33:47.732Z] [INFO] [job:alert-3-5939316] Starting — alert #3 (bmw 3-series, UAE)
[2026-06-19T15:33:47.733Z] [INFO] [job:alert-3-5939315] Alert #3 is within cooldown (freq=daily, lastRun=2026-06-19T15:33:47.378Z) — skipping
[2026-06-19T15:33:47.733Z] [INFO] [job:alert-3-5939316] Alert #3 is within cooldown (freq=daily, lastRun=2026-06-19T15:33:47.378Z) — skipping
[2026-06-19T15:33:47.734Z] [INFO] [job:alert-3-5939315] Completed successfully
[2026-06-19T15:33:47.734Z] [INFO] [job:alert-3-5939316] Completed successfully
[2026-06-19T15:33:47.734Z] [INFO] [job:alert-3-5939317] Starting — alert #3 (bmw 3-series, UAE)
[2026-06-19T15:33:47.735Z] [INFO] [job:alert-3-5939318] Starting — alert #3 (bmw 3-series, UAE)
[2026-06-19T15:33:47.736Z] [INFO] [job:alert-3-5939317] Alert #3 is within cooldown (freq=daily, lastRun=2026-06-19T15:33:47.378Z) — skipping
[2026-06-19T15:33:47.736Z] [INFO] [job:alert-3-5939318] Alert #3 is within cooldown (freq=daily, lastRun=2026-06-19T15:33:47.378Z) — skipping
[2026-06-19T15:33:47.737Z] [INFO] [job:alert-3-5939317] Completed successfully
[2026-06-19T15:33:47.737Z] [INFO] [job:alert-3-5939318] Completed successfully
[2026-06-19T15:33:47.737Z] [INFO] [job:alert-3-5939319] Starting — alert #3 (bmw 3-series, UAE)
[2026-06-19T15:33:47.738Z] [INFO] [job:alert-3-5939320] Starting — alert #3 (bmw 3-series, UAE)
[2026-06-19T15:33:47.739Z] [INFO] [job:alert-3-5939319] Alert #3 is within cooldown (freq=daily, lastRun=2026-06-19T15:33:47.378Z) — skipping
[2026-06-19T15:33:47.739Z] [INFO] [job:alert-3-5939320] Alert #3 is within cooldown (freq=daily, lastRun=2026-06-19T15:33:47.378Z) — skipping
[2026-06-19T15:33:47.739Z] [INFO] [job:alert-3-5939319] Completed successfully
[2026-06-19T15:33:47.740Z] [INFO] [job:alert-3-5939320] Completed successfully
[2026-06-19T15:33:47.740Z] [INFO] [job:alert-3-5939321] Starting — alert #3 (bmw 3-series, UAE)
[2026-06-19T15:33:47.740Z] [INFO] [job:alert-3-5939322] Starting — alert #3 (bmw 3-series, UAE)
[2026-06-19T15:33:47.741Z] [INFO] [job:alert-3-5939321] Alert #3 is within cooldown (freq=daily, lastRun=2026-06-19T15:33:47.378Z) — skipping
[2026-06-19T15:33:47.741Z] [INFO] [job:alert-3-5939322] Alert #3 is within cooldown (freq=daily, lastRun=2026-06-19T15:33:47.378Z) — skipping
[2026-06-19T15:33:47.743Z] [INFO] [job:alert-3-5939321] Completed successfully
[2026-06-19T15:33:47.743Z] [INFO] [job:alert-3-5939322] Completed successfully
[2026-06-19T15:33:47.743Z] [INFO] [job:alert-3-5939323] Starting — alert #3 (bmw 3-series, UAE)
[2026-06-19T15:33:47.743Z] [INFO] [job:alert-3-5939324] Starting — alert #3 (bmw 3-series, UAE)
[2026-06-19T15:33:47.744Z] [INFO] [job:alert-3-5939323] Alert #3 is within cooldown (freq=daily, lastRun=2026-06-19T15:33:47.378Z) — skipping
[2026-06-19T15:33:47.744Z] [INFO] [job:alert-3-5939324] Alert #3 is within cooldown (freq=daily, lastRun=2026-06-19T15:33:47.378Z) — skipping
[2026-06-19T15:33:47.745Z] [INFO] [job:alert-3-5939323] Completed successfully
[2026-06-19T15:33:47.745Z] [INFO] [job:alert-3-5939325] Starting — alert #3 (bmw 3-series, UAE)
[2026-06-19T15:33:47.746Z] [INFO] [job:alert-3-5939324] Completed successfully
[2026-06-19T15:33:47.746Z] [INFO] [job:alert-3-5939326] Starting — alert #3 (bmw 3-series, UAE)
[2026-06-19T15:33:47.748Z] [INFO] [job:alert-3-5939325] Alert #3 is within cooldown (freq=daily, lastRun=2026-06-19T15:33:47.378Z) — skipping
[2026-06-19T15:33:47.749Z] [INFO] [job:alert-3-5939326] Alert #3 is within cooldown (freq=daily, lastRun=2026-06-19T15:33:47.378Z) — skipping
[2026-06-19T15:33:47.749Z] [INFO] [job:alert-3-5939325] Completed successfully
[2026-06-19T15:33:47.750Z] [INFO] [job:alert-3-5939327] Starting — alert #3 (bmw 3-series, UAE)
[2026-06-19T15:33:47.751Z] [INFO] [job:alert-3-5939326] Completed successfully
[2026-06-19T15:33:47.751Z] [INFO] [job:alert-3-5939328] Starting — alert #3 (bmw 3-series, UAE)
[2026-06-19T15:33:47.752Z] [INFO] [job:alert-3-5939327] Alert #3 is within cooldown (freq=daily, lastRun=2026-06-19T15:33:47.378Z) — skipping
[2026-06-19T15:33:47.752Z] [INFO] [job:alert-3-5939328] Alert #3 is within cooldown (freq=daily, lastRun=2026-06-19T15:33:47.378Z) — skipping
[2026-06-19T15:33:47.753Z] [INFO] [job:alert-3-5939327] Completed successfully
[2026-06-19T15:33:47.753Z] [INFO] [job:alert-3-5939329] Starting — alert #3 (bmw 3-series, UAE)
[2026-06-19T15:33:47.754Z] [INFO] [job:alert-3-5939328] Completed successfully
[2026-06-19T15:33:47.754Z] [INFO] [job:alert-3-5939330] Starting — alert #3 (bmw 3-series, UAE)
[2026-06-19T15:33:47.755Z] [INFO] [job:alert-3-5939329] Alert #3 is within cooldown (freq=daily, lastRun=2026-06-19T15:33:47.378Z) — skipping
[2026-06-19T15:33:47.755Z] [INFO] [job:alert-3-5939330] Alert #3 is within cooldown (freq=daily, lastRun=2026-06-19T15:33:47.378Z) — skipping
[2026-06-19T15:33:47.755Z] [INFO] [job:alert-3-5939329] Completed successfully
[2026-06-19T15:33:47.756Z] [INFO] [job:alert-3-5939331] Starting — alert #3 (bmw 3-series, UAE)
[2026-06-19T15:33:47.756Z] [INFO] [job:alert-3-5939330] Completed successfully
[2026-06-19T15:33:47.757Z] [INFO] [job:alert-3-5939332] Starting — alert #3 (bmw 3-series, UAE)
[2026-06-19T15:33:47.758Z] [INFO] [job:alert-3-5939331] Alert #3 is within cooldown (freq=daily, lastRun=2026-06-19T15:33:47.378Z) — skipping
[2026-06-19T15:33:47.758Z] [INFO] [job:alert-3-5939332] Alert #3 is within cooldown (freq=daily, lastRun=2026-06-19T15:33:47.378Z) — skipping
[2026-06-19T15:33:47.758Z] [INFO] [job:alert-3-5939331] Completed successfully
[2026-06-19T15:33:47.759Z] [INFO] [job:alert-3-5939332] Completed successfully
[2026-06-19T15:33:47.759Z] [INFO] [job:alert-3-5939333] Starting — alert #3 (bmw 3-series, UAE)
[2026-06-19T15:33:47.759Z] [INFO] [job:alert-3-5939334] Starting — alert #3 (bmw 3-series, UAE)
[2026-06-19T15:33:47.760Z] [INFO] [job:alert-3-5939333] Alert #3 is within cooldown (freq=daily, lastRun=2026-06-19T15:33:47.378Z) — skipping
[2026-06-19T15:33:47.760Z] [INFO] [job:alert-3-5939334] Alert #3 is within cooldown (freq=daily, lastRun=2026-06-19T15:33:47.378Z) — skipping
[2026-06-19T15:33:47.761Z] [INFO] [job:alert-3-5939333] Completed successfully
[2026-06-19T15:33:47.761Z] [INFO] [job:alert-3-5939335] Starting — alert #3 (bmw 3-series, UAE)
[2026-06-19T15:33:47.762Z] [INFO] [job:alert-3-5939334] Completed successfully
[2026-06-19T15:33:47.762Z] [INFO] [job:alert-3-5939336] Starting — alert #3 (bmw 3-series, UAE)
[2026-06-19T15:33:47.763Z] [INFO] [job:alert-3-5939335] Alert #3 is within cooldown (freq=daily, lastRun=2026-06-19T15:33:47.378Z) — skipping
[2026-06-19T15:33:47.764Z] [INFO] [job:alert-3-5939336] Alert #3 is within cooldown (freq=daily, lastRun=2026-06-19T15:33:47.378Z) — skipping
[2026-06-19T15:33:47.765Z] [INFO] [job:alert-3-5939335] Completed successfully
[2026-06-19T15:33:47.765Z] [INFO] [job:alert-3-5939336] Completed successfully
[2026-06-19T15:33:47.765Z] [INFO] [job:alert-3-5939337] Starting — alert #3 (bmw 3-series, UAE)
[2026-06-19T15:33:47.765Z] [INFO] [job:alert-3-5939338] Starting — alert #3 (bmw 3-series, UAE)
[2026-06-19T15:33:47.768Z] [INFO] [job:alert-3-5939337] Alert #3 is within cooldown (freq=daily, lastRun=2026-06-19T15:33:47.378Z) — skipping
[2026-06-19T15:33:47.768Z] [INFO] [job:alert-3-5939338] Alert #3 is within cooldown (freq=daily, lastRun=2026-06-19T15:33:47.378Z) — skipping
[2026-06-19T15:33:47.769Z] [INFO] [job:alert-3-5939337] Completed successfully
[2026-06-19T15:33:47.769Z] [INFO] [job:alert-3-5939338] Completed successfully
[2026-06-19T15:33:47.769Z] [INFO] [job:alert-3-5939339] Starting — alert #3 (bmw 3-series, UAE)
[2026-06-19T15:33:47.770Z] [INFO] [job:alert-3-5939340] Starting — alert #3 (bmw 3-series, UAE)
[2026-06-19T15:33:47.771Z] [INFO] [job:alert-3-5939339] Alert #3 is within cooldown (freq=daily, lastRun=2026-06-19T15:33:47.378Z) — skipping
[2026-06-19T15:33:47.771Z] [INFO] [job:alert-3-5939340] Alert #3 is within cooldown (freq=daily, lastRun=2026-06-19T15:33:47.378Z) — skipping
[2026-06-19T15:33:47.772Z] [INFO] [job:alert-3-5939339] Completed successfully
[2026-06-19T15:33:47.772Z] [INFO] [job:alert-3-5939340] Completed successfully
[2026-06-19T15:33:47.772Z] [INFO] [job:alert-3-5939341] Starting — alert #3 (bmw 3-series, UAE)
[2026-06-19T15:33:47.773Z] [INFO] [job:alert-3-5939342] Starting — alert #3 (bmw 3-series, UAE)
[2026-06-19T15:33:47.774Z] [INFO] [job:alert-3-5939341] Alert #3 is within cooldown (freq=daily, lastRun=2026-06-19T15:33:47.378Z) — skipping
[2026-06-19T15:33:47.774Z] [INFO] [job:alert-3-5939342] Alert #3 is within cooldown (freq=daily, lastRun=2026-06-19T15:33:47.378Z) — skipping
[2026-06-19T15:33:47.775Z] [INFO] [job:alert-3-5939341] Completed successfully
[2026-06-19T15:33:47.775Z] [INFO] [job:alert-3-5939342] Completed successfully
[2026-06-19T15:33:47.775Z] [INFO] [job:alert-3-5939343] Starting — alert #3 (bmw 3-series, UAE)
[2026-06-19T15:33:47.775Z] [INFO] [job:alert-3-5939344] Starting — alert #3 (bmw 3-series, UAE)
[2026-06-19T15:33:47.777Z] [INFO] [job:alert-3-5939343] Alert #3 is within cooldown (freq=daily, lastRun=2026-06-19T15:33:47.378Z) — skipping
[2026-06-19T15:33:47.777Z] [INFO] [job:alert-3-5939344] Alert #3 is within cooldown (freq=daily, lastRun=2026-06-19T15:33:47.378Z) — skipping
[2026-06-19T15:33:47.778Z] [INFO] [job:alert-3-5939343] Completed successfully
[2026-06-19T15:33:47.778Z] [INFO] [job:alert-3-5939344] Completed successfully
[2026-06-19T15:33:47.778Z] [INFO] [job:alert-3-5939345] Starting — alert #3 (bmw 3-series, UAE)
[2026-06-19T15:33:47.779Z] [INFO] [job:alert-3-5939346] Starting — alert #3 (bmw 3-series, UAE)
[2026-06-19T15:33:47.780Z] [INFO] [job:alert-3-5939345] Alert #3 is within cooldown (freq=daily, lastRun=2026-06-19T15:33:47.378Z) — skipping
[2026-06-19T15:33:47.781Z] [INFO] [job:alert-3-5939346] Alert #3 is within cooldown (freq=daily, lastRun=2026-06-19T15:33:47.378Z) — skipping
[2026-06-19T15:33:47.782Z] [INFO] [job:alert-3-5939345] Completed successfully
[2026-06-19T15:33:47.782Z] [INFO] [job:alert-3-5939346] Completed successfully
[2026-06-19T15:33:47.782Z] [INFO] [job:alert-3-5939347] Starting — alert #3 (bmw 3-series, UAE)
[2026-06-19T15:33:47.782Z] [INFO] [job:alert-3-5939348] Starting — alert #3 (bmw 3-series, UAE)
[2026-06-19T15:33:47.784Z] [INFO] [job:alert-3-5939347] Alert #3 is within cooldown (freq=daily, lastRun=2026-06-19T15:33:47.378Z) — skipping
[2026-06-19T15:33:47.784Z] [INFO] [job:alert-3-5939348] Alert #3 is within cooldown (freq=daily, lastRun=2026-06-19T15:33:47.378Z) — skipping
[2026-06-19T15:33:47.785Z] [INFO] [job:alert-3-5939347] Completed successfully
[2026-06-19T15:33:47.786Z] [INFO] [job:alert-3-5939348] Completed successfully
[2026-06-19T15:33:47.786Z] [INFO] [job:alert-3-5939349] Starting — alert #3 (bmw 3-series, UAE)
[2026-06-19T15:33:47.786Z] [INFO] [job:alert-3-5939350] Starting — alert #3 (bmw 3-series, UAE)
[2026-06-19T15:33:47.788Z] [INFO] [job:alert-3-5939349] Alert #3 is within cooldown (freq=daily, lastRun=2026-06-19T15:33:47.378Z) — skipping
[2026-06-19T15:33:47.788Z] [INFO] [job:alert-3-5939350] Alert #3 is within cooldown (freq=daily, lastRun=2026-06-19T15:33:47.378Z) — skipping
[2026-06-19T15:33:47.788Z] [INFO] [job:alert-3-5939349] Completed successfully
[2026-06-19T15:33:47.789Z] [INFO] [job:alert-3-5939350] Completed successfully
[2026-06-19T15:33:47.789Z] [INFO] [job:alert-3-5939351] Starting — alert #3 (bmw 3-series, UAE)
[2026-06-19T15:33:47.789Z] [INFO] [job:alert-3-5939352] Starting — alert #3 (bmw 3-series, UAE)
[2026-06-19T15:33:47.790Z] [INFO] [job:alert-3-5939351] Alert #3 is within cooldown (freq=daily, lastRun=2026-06-19T15:33:47.378Z) — skipping
[2026-06-19T15:33:47.790Z] [INFO] [job:alert-3-5939352] Alert #3 is within cooldown (freq=daily, lastRun=2026-06-19T15:33:47.378Z) — skipping
[2026-06-19T15:33:47.791Z] [INFO] [job:alert-3-5939351] Completed successfully
[2026-06-19T15:33:47.791Z] [INFO] [job:alert-3-5939353] Starting — alert #3 (bmw 3-series, UAE)
[2026-06-19T15:33:47.792Z] [INFO] [job:alert-3-5939352] Completed successfully
[2026-06-19T15:33:47.792Z] [INFO] [job:alert-3-5939354] Starting — alert #3 (bmw 3-series, UAE)
[2026-06-19T15:33:47.793Z] [INFO] [job:alert-3-5939353] Alert #3 is within cooldown (freq=daily, lastRun=2026-06-19T15:33:47.378Z) — skipping
[2026-06-19T15:33:47.794Z] [INFO] [job:alert-3-5939354] Alert #3 is within cooldown (freq=daily, lastRun=2026-06-19T15:33:47.378Z) — skipping
[2026-06-19T15:33:47.794Z] [INFO] [job:alert-3-5939353] Completed successfully
[2026-06-19T15:33:47.794Z] [INFO] [job:alert-3-5939355] Starting — alert #3 (bmw 3-series, UAE)
[2026-06-19T15:33:47.795Z] [INFO] [job:alert-3-5939354] Completed successfully
[2026-06-19T15:33:47.795Z] [INFO] [job:alert-3-5939356] Starting — alert #3 (bmw 3-series, UAE)
[2026-06-19T15:33:47.796Z] [INFO] [job:alert-3-5939355] Alert #3 is within cooldown (freq=daily, lastRun=2026-06-19T15:33:47.378Z) — skipping
[2026-06-19T15:33:47.797Z] [INFO] [job:alert-3-5939356] Alert #3 is within cooldown (freq=daily, lastRun=2026-06-19T15:33:47.378Z) — skipping
[2026-06-19T15:33:47.797Z] [INFO] [job:alert-3-5939355] Completed successfully
[2026-06-19T15:33:47.797Z] [INFO] [job:alert-3-5939357] Starting — alert #3 (bmw 3-series, UAE)
[2026-06-19T15:33:47.798Z] [INFO] [job:alert-3-5939356] Completed successfully
[2026-06-19T15:33:47.798Z] [INFO] [job:alert-3-5939358] Starting — alert #3 (bmw 3-series, UAE)
[2026-06-19T15:33:47.799Z] [INFO] [job:alert-3-5939357] Alert #3 is within cooldown (freq=daily, lastRun=2026-06-19T15:33:47.378Z) — skipping
[2026-06-19T15:33:47.800Z] [INFO] [job:alert-3-5939358] Alert #3 is within cooldown (freq=daily, lastRun=2026-06-19T15:33:47.378Z) — skipping
[2026-06-19T15:33:47.800Z] [INFO] [job:alert-3-5939357] Completed successfully
[2026-06-19T15:33:47.801Z] [INFO] [job:alert-3-5939359] Starting — alert #3 (bmw 3-series, UAE)
[2026-06-19T15:33:47.802Z] [INFO] [job:alert-3-5939358] Completed successfully
[2026-06-19T15:33:47.802Z] [INFO] [job:alert-3-5939360] Starting — alert #3 (bmw 3-series, UAE)
[2026-06-19T15:33:47.803Z] [INFO] [job:alert-3-5939359] Alert #3 is within cooldown (freq=daily, lastRun=2026-06-19T15:33:47.378Z) — skipping
[2026-06-19T15:33:47.803Z] [INFO] [job:alert-3-5939360] Alert #3 is within cooldown (freq=daily, lastRun=2026-06-19T15:33:47.378Z) — skipping
[2026-06-19T15:33:47.804Z] [INFO] [job:alert-3-5939359] Completed successfully
[2026-06-19T15:33:47.804Z] [INFO] [job:alert-3-5939361] Starting — alert #3 (bmw 3-series, UAE)
[2026-06-19T15:33:47.805Z] [INFO] [job:alert-3-5939360] Completed successfully
[2026-06-19T15:33:47.805Z] [INFO] [job:alert-3-5939362] Starting — alert #3 (bmw 3-series, UAE)
[2026-06-19T15:33:47.806Z] [INFO] [job:alert-3-5939361] Alert #3 is within cooldown (freq=daily, lastRun=2026-06-19T15:33:47.378Z) — skipping
[2026-06-19T15:33:47.806Z] [INFO] [job:alert-3-5939362] Alert #3 is within cooldown (freq=daily, lastRun=2026-06-19T15:33:47.378Z) — skipping
[2026-06-19T15:33:47.807Z] [INFO] [job:alert-3-5939361] Completed successfully
[2026-06-19T15:33:47.807Z] [INFO] [job:alert-3-5939561] Starting — alert #3 (bmw 3-series, UAE)
[2026-06-19T15:33:47.808Z] [INFO] [job:alert-3-5939362] Completed successfully
[2026-06-19T15:33:47.808Z] [INFO] [job:alert-3-5939562] Starting — alert #3 (bmw 3-series, UAE)
[2026-06-19T15:33:47.809Z] [INFO] [job:alert-3-5939561] Alert #3 is within cooldown (freq=daily, lastRun=2026-06-19T15:33:47.378Z) — skipping
[2026-06-19T15:33:47.809Z] [INFO] [job:alert-3-5939562] Alert #3 is within cooldown (freq=daily, lastRun=2026-06-19T15:33:47.378Z) — skipping
[2026-06-19T15:33:47.810Z] [INFO] [job:alert-3-5939561] Completed successfully
[2026-06-19T15:33:47.810Z] [INFO] [job:alert-3-5939563] Starting — alert #3 (bmw 3-series, UAE)
[2026-06-19T15:33:47.811Z] [INFO] [job:alert-3-5939562] Completed successfully
[2026-06-19T15:33:47.811Z] [INFO] [job:alert-3-5939564] Starting — alert #3 (bmw 3-series, UAE)
[2026-06-19T15:33:47.812Z] [INFO] [job:alert-3-5939563] Alert #3 is within cooldown (freq=daily, lastRun=2026-06-19T15:33:47.378Z) — skipping
[2026-06-19T15:33:47.812Z] [INFO] [job:alert-3-5939564] Alert #3 is within cooldown (freq=daily, lastRun=2026-06-19T15:33:47.378Z) — skipping
[2026-06-19T15:33:47.812Z] [INFO] [job:alert-3-5939563] Completed successfully
[2026-06-19T15:33:47.812Z] [INFO] [job:alert-3-5939565] Starting — alert #3 (bmw 3-series, UAE)
[2026-06-19T15:33:47.813Z] [INFO] [job:alert-3-5939564] Completed successfully
[2026-06-19T15:33:47.813Z] [INFO] [job:alert-3-5939566] Starting — alert #3 (bmw 3-series, UAE)
[2026-06-19T15:33:47.814Z] [INFO] [job:alert-3-5939565] Alert #3 is within cooldown (freq=daily, lastRun=2026-06-19T15:33:47.378Z) — skipping
[2026-06-19T15:33:47.815Z] [INFO] [job:alert-3-5939566] Alert #3 is within cooldown (freq=daily, lastRun=2026-06-19T15:33:47.378Z) — skipping
[2026-06-19T15:33:47.816Z] [INFO] [job:alert-3-5939565] Completed successfully
[2026-06-19T15:33:47.816Z] [INFO] [job:alert-3-5939567] Starting — alert #3 (bmw 3-series, UAE)
[2026-06-19T15:33:47.817Z] [INFO] [job:alert-3-5939566] Completed successfully
[2026-06-19T15:33:47.817Z] [INFO] [job:alert-3-5939568] Starting — alert #3 (bmw 3-series, UAE)
[2026-06-19T15:33:47.818Z] [INFO] [job:alert-3-5939567] Alert #3 is within cooldown (freq=daily, lastRun=2026-06-19T15:33:47.378Z) — skipping
[2026-06-19T15:33:47.818Z] [INFO] [job:alert-3-5939568] Alert #3 is within cooldown (freq=daily, lastRun=2026-06-19T15:33:47.378Z) — skipping
[2026-06-19T15:33:47.819Z] [INFO] [job:alert-3-5939567] Completed successfully
[2026-06-19T15:33:47.819Z] [INFO] [job:alert-3-5939568] Completed successfully
[2026-06-19T15:33:47.819Z] [INFO] [job:alert-3-5939569] Starting — alert #3 (bmw 3-series, UAE)
[2026-06-19T15:33:47.819Z] [INFO] [job:alert-3-5939573] Starting — alert #3 (bmw 3-series, UAE)
[2026-06-19T15:33:47.820Z] [INFO] [job:alert-3-5939569] Alert #3 is within cooldown (freq=daily, lastRun=2026-06-19T15:33:47.378Z) — skipping
[2026-06-19T15:33:47.820Z] [INFO] [job:alert-3-5939573] Alert #3 is within cooldown (freq=daily, lastRun=2026-06-19T15:33:47.378Z) — skipping
[2026-06-19T15:33:47.821Z] [INFO] [job:alert-3-5939569] Completed successfully
[2026-06-19T15:33:47.821Z] [INFO] [job:alert-3-5939574] Starting — alert #3 (bmw 3-series, UAE)
[2026-06-19T15:33:47.822Z] [INFO] [job:alert-3-5939573] Completed successfully
[2026-06-19T15:33:47.822Z] [INFO] [job:alert-3-5939575] Starting — alert #3 (bmw 3-series, UAE)
[2026-06-19T15:33:47.823Z] [INFO] [job:alert-3-5939574] Alert #3 is within cooldown (freq=daily, lastRun=2026-06-19T15:33:47.378Z) — skipping
[2026-06-19T15:33:47.823Z] [INFO] [job:alert-3-5939575] Alert #3 is within cooldown (freq=daily, lastRun=2026-06-19T15:33:47.378Z) — skipping
[2026-06-19T15:33:47.823Z] [INFO] [job:alert-3-5939574] Completed successfully
[2026-06-19T15:33:47.823Z] [INFO] [job:alert-3-5939576] Starting — alert #3 (bmw 3-series, UAE)
[2026-06-19T15:33:47.824Z] [INFO] [job:alert-3-5939575] Completed successfully
[2026-06-19T15:33:47.825Z] [INFO] [job:alert-3-5939577] Starting — alert #3 (bmw 3-series, UAE)
[2026-06-19T15:33:47.826Z] [INFO] [job:alert-3-5939576] Alert #3 is within cooldown (freq=daily, lastRun=2026-06-19T15:33:47.378Z) — skipping
[2026-06-19T15:33:47.827Z] [INFO] [job:alert-3-5939577] Alert #3 is within cooldown (freq=daily, lastRun=2026-06-19T15:33:47.378Z) — skipping
[2026-06-19T15:33:47.827Z] [INFO] [job:alert-3-5939576] Completed successfully
[2026-06-19T15:33:47.827Z] [INFO] [job:alert-3-5939578] Starting — alert #3 (bmw 3-series, UAE)
[2026-06-19T15:33:47.828Z] [INFO] [job:alert-3-5939577] Completed successfully
[2026-06-19T15:33:47.828Z] [INFO] [job:alert-3-5939579] Starting — alert #3 (bmw 3-series, UAE)
[2026-06-19T15:33:47.829Z] [INFO] [job:alert-3-5939578] Alert #3 is within cooldown (freq=daily, lastRun=2026-06-19T15:33:47.378Z) — skipping
[2026-06-19T15:33:47.830Z] [INFO] [job:alert-3-5939579] Alert #3 is within cooldown (freq=daily, lastRun=2026-06-19T15:33:47.378Z) — skipping
[2026-06-19T15:33:47.831Z] [INFO] [job:alert-3-5939578] Completed successfully
[2026-06-19T15:33:47.831Z] [INFO] [job:alert-3-5939579] Completed successfully
[2026-06-19T15:33:47.831Z] [INFO] [job:alert-3-5939580] Starting — alert #3 (bmw 3-series, UAE)
[2026-06-19T15:33:47.831Z] [INFO] [job:alert-3-5939581] Starting — alert #3 (bmw 3-series, UAE)
[2026-06-19T15:33:47.833Z] [INFO] [job:alert-3-5939580] Alert #3 is within cooldown (freq=daily, lastRun=2026-06-19T15:33:47.378Z) — skipping
[2026-06-19T15:33:47.833Z] [INFO] [job:alert-3-5939581] Alert #3 is within cooldown (freq=daily, lastRun=2026-06-19T15:33:47.378Z) — skipping
[2026-06-19T15:33:47.834Z] [INFO] [job:alert-3-5939580] Completed successfully
[2026-06-19T15:33:47.834Z] [INFO] [job:alert-3-5939581] Completed successfully
[2026-06-19T15:33:47.834Z] [INFO] [job:alert-3-5939582] Starting — alert #3 (bmw 3-series, UAE)
[2026-06-19T15:33:47.835Z] [INFO] [job:alert-3-5939583] Starting — alert #3 (bmw 3-series, UAE)
[2026-06-19T15:33:47.836Z] [INFO] [job:alert-3-5939582] Alert #3 is within cooldown (freq=daily, lastRun=2026-06-19T15:33:47.378Z) — skipping
[2026-06-19T15:33:47.836Z] [INFO] [job:alert-3-5939583] Alert #3 is within cooldown (freq=daily, lastRun=2026-06-19T15:33:47.378Z) — skipping
[2026-06-19T15:33:47.837Z] [INFO] [job:alert-3-5939582] Completed successfully
[2026-06-19T15:33:47.837Z] [INFO] [job:alert-3-5939583] Completed successfully
[2026-06-19T15:33:47.837Z] [INFO] [job:alert-3-5939584] Starting — alert #3 (bmw 3-series, UAE)
[2026-06-19T15:33:47.837Z] [INFO] [job:alert-3-5939585] Starting — alert #3 (bmw 3-series, UAE)
[2026-06-19T15:33:47.839Z] [INFO] [job:alert-3-5939584] Alert #3 is within cooldown (freq=daily, lastRun=2026-06-19T15:33:47.378Z) — skipping
[2026-06-19T15:33:47.839Z] [INFO] [job:alert-3-5939585] Alert #3 is within cooldown (freq=daily, lastRun=2026-06-19T15:33:47.378Z) — skipping
[2026-06-19T15:33:47.839Z] [INFO] [job:alert-3-5939584] Completed successfully
[2026-06-19T15:33:47.840Z] [INFO] [job:alert-3-5939586] Starting — alert #3 (bmw 3-series, UAE)
[2026-06-19T15:33:47.841Z] [INFO] [job:alert-3-5939585] Completed successfully
[2026-06-19T15:33:47.841Z] [INFO] [job:alert-3-5939587] Starting — alert #3 (bmw 3-series, UAE)
[2026-06-19T15:33:47.842Z] [INFO] [job:alert-3-5939586] Alert #3 is within cooldown (freq=daily, lastRun=2026-06-19T15:33:47.378Z) — skipping
[2026-06-19T15:33:47.843Z] [INFO] [job:alert-3-5939587] Alert #3 is within cooldown (freq=daily, lastRun=2026-06-19T15:33:47.378Z) — skipping
[2026-06-19T15:33:47.844Z] [INFO] [job:alert-3-5939586] Completed successfully
[2026-06-19T15:33:47.844Z] [INFO] [job:alert-3-5939587] Completed successfully
[2026-06-19T15:33:47.844Z] [INFO] [job:alert-3-5939588] Starting — alert #3 (bmw 3-series, UAE)
[2026-06-19T15:33:47.844Z] [INFO] [job:alert-3-5939589] Starting — alert #3 (bmw 3-series, UAE)
[2026-06-19T15:33:47.845Z] [INFO] [job:alert-3-5939588] Alert #3 is within cooldown (freq=daily, lastRun=2026-06-19T15:33:47.378Z) — skipping
[2026-06-19T15:33:47.846Z] [INFO] [job:alert-3-5939589] Alert #3 is within cooldown (freq=daily, lastRun=2026-06-19T15:33:47.378Z) — skipping
[2026-06-19T15:33:47.846Z] [INFO] [job:alert-3-5939588] Completed successfully
[2026-06-19T15:33:47.846Z] [INFO] [job:alert-3-5939589] Completed successfully
[2026-06-19T15:33:47.847Z] [INFO] [job:alert-3-5939590] Starting — alert #3 (bmw 3-series, UAE)
[2026-06-19T15:33:47.847Z] [INFO] [job:alert-3-5939591] Starting — alert #3 (bmw 3-series, UAE)
[2026-06-19T15:33:47.848Z] [INFO] [job:alert-3-5939590] Alert #3 is within cooldown (freq=daily, lastRun=2026-06-19T15:33:47.378Z) — skipping
[2026-06-19T15:33:47.849Z] [INFO] [job:alert-3-5939591] Alert #3 is within cooldown (freq=daily, lastRun=2026-06-19T15:33:47.378Z) — skipping
[2026-06-19T15:33:47.849Z] [INFO] [job:alert-3-5939590] Completed successfully
[2026-06-19T15:33:47.850Z] [INFO] [job:alert-3-5939591] Completed successfully
[2026-06-19T15:33:47.850Z] [INFO] [job:alert-3-5939592] Starting — alert #3 (bmw 3-series, UAE)
[2026-06-19T15:33:47.850Z] [INFO] [job:alert-3-5939593] Starting — alert #3 (bmw 3-series, UAE)
[2026-06-19T15:33:47.851Z] [INFO] [job:alert-3-5939592] Alert #3 is within cooldown (freq=daily, lastRun=2026-06-19T15:33:47.378Z) — skipping
[2026-06-19T15:33:47.852Z] [INFO] [job:alert-3-5939593] Alert #3 is within cooldown (freq=daily, lastRun=2026-06-19T15:33:47.378Z) — skipping
[2026-06-19T15:33:47.852Z] [INFO] [job:alert-3-5939592] Completed successfully
[2026-06-19T15:33:47.853Z] [INFO] [job:alert-3-5939593] Completed successfully
[2026-06-19T15:33:47.853Z] [INFO] [job:alert-3-5939594] Starting — alert #3 (bmw 3-series, UAE)
[2026-06-19T15:33:47.853Z] [INFO] [job:alert-3-5939595] Starting — alert #3 (bmw 3-series, UAE)
[2026-06-19T15:33:47.854Z] [INFO] [job:alert-3-5939594] Alert #3 is within cooldown (freq=daily, lastRun=2026-06-19T15:33:47.378Z) — skipping
[2026-06-19T15:33:47.854Z] [INFO] [job:alert-3-5939595] Alert #3 is within cooldown (freq=daily, lastRun=2026-06-19T15:33:47.378Z) — skipping
[2026-06-19T15:33:47.855Z] [INFO] [job:alert-3-5939594] Completed successfully
[2026-06-19T15:33:47.855Z] [INFO] [job:alert-3-5939595] Completed successfully
[2026-06-19T15:33:47.855Z] [INFO] [job:alert-3-5939596] Starting — alert #3 (bmw 3-series, UAE)
[2026-06-19T15:33:47.855Z] [INFO] [job:alert-3-5939597] Starting — alert #3 (bmw 3-series, UAE)
[2026-06-19T15:33:47.857Z] [INFO] [job:alert-3-5939596] Alert #3 is within cooldown (freq=daily, lastRun=2026-06-19T15:33:47.378Z) — skipping
[2026-06-19T15:33:47.857Z] [INFO] [job:alert-3-5939597] Alert #3 is within cooldown (freq=daily, lastRun=2026-06-19T15:33:47.378Z) — skipping
[2026-06-19T15:33:47.857Z] [INFO] [job:alert-3-5939596] Completed successfully
[2026-06-19T15:33:47.858Z] [INFO] [job:alert-3-5939597] Completed successfully
[2026-06-19T15:33:47.858Z] [INFO] [job:alert-3-5939598] Starting — alert #3 (bmw 3-series, UAE)
[2026-06-19T15:33:47.858Z] [INFO] [job:alert-3-5939599] Starting — alert #3 (bmw 3-series, UAE)
[2026-06-19T15:33:47.861Z] [INFO] [job:alert-3-5939598] Alert #3 is within cooldown (freq=daily, lastRun=2026-06-19T15:33:47.378Z) — skipping
[2026-06-19T15:33:47.861Z] [INFO] [job:alert-3-5939599] Alert #3 is within cooldown (freq=daily, lastRun=2026-06-19T15:33:47.378Z) — skipping
[2026-06-19T15:33:47.862Z] [INFO] [job:alert-3-5939598] Completed successfully
[2026-06-19T15:33:47.862Z] [INFO] [job:alert-3-5939599] Completed successfully
[2026-06-19T15:33:47.862Z] [INFO] [job:alert-3-5939600] Starting — alert #3 (bmw 3-series, UAE)
[2026-06-19T15:33:47.863Z] [INFO] [job:alert-3-5939601] Starting — alert #3 (bmw 3-series, UAE)
[2026-06-19T15:33:47.865Z] [INFO] [job:alert-3-5939600] Alert #3 is within cooldown (freq=daily, lastRun=2026-06-19T15:33:47.378Z) — skipping
[2026-06-19T15:33:47.865Z] [INFO] [job:alert-3-5939601] Alert #3 is within cooldown (freq=daily, lastRun=2026-06-19T15:33:47.378Z) — skipping
[2026-06-19T15:33:47.866Z] [INFO] [job:alert-3-5939600] Completed successfully
[2026-06-19T15:33:47.867Z] [INFO] [job:alert-3-5939601] Completed successfully
[2026-06-19T15:33:47.867Z] [INFO] [job:alert-3-5939602] Starting — alert #3 (bmw 3-series, UAE)
[2026-06-19T15:33:47.867Z] [INFO] [job:alert-3-5939603] Starting — alert #3 (bmw 3-series, UAE)
[2026-06-19T15:33:47.869Z] [INFO] [job:alert-3-5939602] Alert #3 is within cooldown (freq=daily, lastRun=2026-06-19T15:33:47.378Z) — skipping
[2026-06-19T15:33:47.869Z] [INFO] [job:alert-3-5939603] Alert #3 is within cooldown (freq=daily, lastRun=2026-06-19T15:33:47.378Z) — skipping
[2026-06-19T15:33:47.870Z] [INFO] [job:alert-3-5939602] Completed successfully
[2026-06-19T15:33:47.870Z] [INFO] [job:alert-3-5939604] Starting — alert #3 (bmw 3-series, UAE)
[2026-06-19T15:33:47.870Z] [INFO] [job:alert-3-5939603] Completed successfully
[2026-06-19T15:33:47.871Z] [INFO] [job:alert-3-5939605] Starting — alert #3 (bmw 3-series, UAE)
[2026-06-19T15:33:47.871Z] [INFO] [job:alert-3-5939604] Alert #3 is within cooldown (freq=daily, lastRun=2026-06-19T15:33:47.378Z) — skipping
[2026-06-19T15:33:47.872Z] [INFO] [job:alert-3-5939605] Alert #3 is within cooldown (freq=daily, lastRun=2026-06-19T15:33:47.378Z) — skipping
[2026-06-19T15:33:47.872Z] [INFO] [job:alert-3-5939604] Completed successfully
[2026-06-19T15:33:47.873Z] [INFO] [job:alert-3-5939605] Completed successfully
[2026-06-19T15:33:47.873Z] [INFO] [job:alert-3-5939606] Starting — alert #3 (bmw 3-series, UAE)
[2026-06-19T15:33:47.873Z] [INFO] [job:alert-3-5939607] Starting — alert #3 (bmw 3-series, UAE)
[2026-06-19T15:33:47.875Z] [INFO] [job:alert-3-5939606] Alert #3 is within cooldown (freq=daily, lastRun=2026-06-19T15:33:47.378Z) — skipping
[2026-06-19T15:33:47.875Z] [INFO] [job:alert-3-5939607] Alert #3 is within cooldown (freq=daily, lastRun=2026-06-19T15:33:47.378Z) — skipping
[2026-06-19T15:33:47.876Z] [INFO] [job:alert-3-5939606] Completed successfully
[2026-06-19T15:33:47.876Z] [INFO] [job:alert-3-5939607] Completed successfully
[2026-06-19T15:33:47.876Z] [INFO] [job:alert-3-5939608] Starting — alert #3 (bmw 3-series, UAE)
[2026-06-19T15:33:47.876Z] [INFO] [job:alert-3-5939609] Starting — alert #3 (bmw 3-series, UAE)
[2026-06-19T15:33:47.878Z] [INFO] [job:alert-3-5939608] Alert #3 is within cooldown (freq=daily, lastRun=2026-06-19T15:33:47.378Z) — skipping
[2026-06-19T15:33:47.878Z] [INFO] [job:alert-3-5939609] Alert #3 is within cooldown (freq=daily, lastRun=2026-06-19T15:33:47.378Z) — skipping
[2026-06-19T15:33:47.879Z] [INFO] [job:alert-3-5939608] Completed successfully
[2026-06-19T15:33:47.880Z] [INFO] [job:alert-3-5939609] Completed successfully
[2026-06-19T15:33:47.880Z] [INFO] [job:alert-3-5939610] Starting — alert #3 (bmw 3-series, UAE)
[2026-06-19T15:33:47.882Z] [INFO] [job:alert-3-5939610] Alert #3 is within cooldown (freq=daily, lastRun=2026-06-19T15:33:47.378Z) — skipping
[2026-06-19T15:33:47.883Z] [INFO] [job:alert-3-5939610] Completed successfully
[2026-06-19T15:33:48.063Z] [INFO] [job:alert-3-5938991] Done — sent email with 6 matches
[2026-06-19T15:33:48.065Z] [INFO] [job:alert-3-5938991] Completed successfully
[2026-06-19T15:33:48.249Z] [INFO] [job:alert-3-5938990] Done — sent email with 6 matches
[2026-06-19T15:33:48.250Z] [INFO] [job:alert-3-5938990] Completed successfully
[2026-06-19T15:33:48.905Z] [INFO] [job:alert-3-5938989] Done — sent email with 6 matches
[2026-06-19T15:33:48.907Z] [INFO] [job:alert-3-5938989] Completed successfully
[2026-06-19T15:35:02.703Z] [INFO] [job:alert-3-5939611] Starting — alert #3 (bmw 3-series, UAE)
[2026-06-19T15:35:02.708Z] [INFO] [job:alert-3-5939611] Alert #3 is within cooldown (freq=daily, lastRun=2026-06-19T15:33:48.895Z) — skipping
[2026-06-19T15:35:02.709Z] [INFO] [job:alert-3-5939611] Completed successfully
[2026-06-19T15:40:02.806Z] [INFO] [job:alert-3-5939612] Starting — alert #3 (bmw 3-series, UAE)
[2026-06-19T15:40:02.810Z] [INFO] [job:alert-3-5939612] Alert #3 is within cooldown (freq=daily, lastRun=2026-06-19T15:33:48.895Z) — skipping
[2026-06-19T15:40:02.811Z] [INFO] [job:alert-3-5939612] Completed successfully
[2026-06-19T15:45:01.988Z] [INFO] [job:alert-3-5939613] Starting — alert #3 (bmw 3-series, UAE)
[2026-06-19T15:45:01.991Z] [INFO] [job:alert-3-5939613] Alert #3 is within cooldown (freq=daily, lastRun=2026-06-19T15:33:48.895Z) — skipping
[2026-06-19T15:45:01.992Z] [INFO] [job:alert-3-5939613] Completed successfully
[2026-06-19T15:50:02.118Z] [INFO] [job:alert-3-5939614] Starting — alert #3 (bmw 3-series, UAE)
[2026-06-19T15:50:02.120Z] [INFO] [job:alert-3-5939614] Alert #3 is within cooldown (freq=daily, lastRun=2026-06-19T15:33:48.895Z) — skipping
[2026-06-19T15:50:02.121Z] [INFO] [job:alert-3-5939614] Completed successfully
[2026-06-19T15:55:02.208Z] [INFO] [job:alert-3-5939615] Starting — alert #3 (bmw 3-series, UAE)
[2026-06-19T15:55:02.210Z] [INFO] [job:alert-3-5939615] Alert #3 is within cooldown (freq=daily, lastRun=2026-06-19T15:33:48.895Z) — skipping
[2026-06-19T15:55:02.211Z] [INFO] [job:alert-3-5939615] Completed successfully
[2026-06-19T16:00:02.409Z] [INFO] [job:alert-3-5939616] Starting — alert #3 (bmw 3-series, UAE)
[2026-06-19T16:00:02.411Z] [INFO] [job:alert-3-5939616] Alert #3 is within cooldown (freq=daily, lastRun=2026-06-19T15:33:48.895Z) — skipping
[2026-06-19T16:00:02.412Z] [INFO] [job:alert-3-5939616] Completed successfully
[2026-06-19T16:05:02.512Z] [INFO] [job:alert-3-5939617] Starting — alert #3 (bmw 3-series, UAE)
[2026-06-19T16:05:02.515Z] [INFO] [job:alert-3-5939617] Alert #3 is within cooldown (freq=daily, lastRun=2026-06-19T15:33:48.895Z) — skipping
[2026-06-19T16:05:02.516Z] [INFO] [job:alert-3-5939617] Completed successfully
[2026-06-19T16:10:02.798Z] [INFO] [job:alert-3-5939618] Starting — alert #3 (bmw 3-series, UAE)
[2026-06-19T16:10:02.801Z] [INFO] [job:alert-3-5939618] Alert #3 is within cooldown (freq=daily, lastRun=2026-06-19T15:33:48.895Z) — skipping
[2026-06-19T16:10:02.802Z] [INFO] [job:alert-3-5939618] Completed successfully
[2026-06-19T16:15:02.011Z] [INFO] [job:alert-3-5939619] Starting — alert #3 (bmw 3-series, UAE)
[2026-06-19T16:15:02.013Z] [INFO] [job:alert-3-5939619] Alert #3 is within cooldown (freq=daily, lastRun=2026-06-19T15:33:48.895Z) — skipping
[2026-06-19T16:15:02.013Z] [INFO] [job:alert-3-5939619] Completed successfully
[2026-06-19T16:20:02.171Z] [INFO] [job:alert-3-5939620] Starting — alert #3 (bmw 3-series, UAE)
[2026-06-19T16:20:02.173Z] [INFO] [job:alert-3-5939620] Alert #3 is within cooldown (freq=daily, lastRun=2026-06-19T15:33:48.895Z) — skipping
[2026-06-19T16:20:02.174Z] [INFO] [job:alert-3-5939620] Completed successfully
[2026-06-19T16:25:02.297Z] [INFO] [job:alert-3-5939621] Starting — alert #3 (bmw 3-series, UAE)
[2026-06-19T16:25:02.301Z] [INFO] [job:alert-3-5939621] Alert #3 is within cooldown (freq=daily, lastRun=2026-06-19T15:33:48.895Z) — skipping
[2026-06-19T16:25:02.306Z] [INFO] [job:alert-3-5939621] Completed successfully
[2026-06-19T16:30:02.415Z] [INFO] [job:alert-3-5939622] Starting — alert #3 (bmw 3-series, UAE)
[2026-06-19T16:30:02.417Z] [INFO] [job:alert-3-5939622] Alert #3 is within cooldown (freq=daily, lastRun=2026-06-19T15:33:48.895Z) — skipping
[2026-06-19T16:30:02.418Z] [INFO] [job:alert-3-5939622] Completed successfully
[2026-06-19T16:35:02.456Z] [INFO] [job:alert-3-5939623] Starting — alert #3 (bmw 3-series, UAE)
[2026-06-19T16:35:02.458Z] [INFO] [job:alert-3-5939623] Alert #3 is within cooldown (freq=daily, lastRun=2026-06-19T15:33:48.895Z) — skipping
[2026-06-19T16:35:02.459Z] [INFO] [job:alert-3-5939623] Completed successfully
[2026-06-19T16:40:02.599Z] [INFO] [job:alert-3-5939624] Starting — alert #3 (bmw 3-series, UAE)
[2026-06-19T16:40:02.601Z] [INFO] [job:alert-3-5939624] Alert #3 is within cooldown (freq=daily, lastRun=2026-06-19T15:33:48.895Z) — skipping
[2026-06-19T16:40:02.602Z] [INFO] [job:alert-3-5939624] Completed successfully
[2026-06-19T16:45:02.692Z] [INFO] [job:alert-3-5939625] Starting — alert #3 (bmw 3-series, UAE)
[2026-06-19T16:45:02.694Z] [INFO] [job:alert-3-5939625] Alert #3 is within cooldown (freq=daily, lastRun=2026-06-19T15:33:48.895Z) — skipping
[2026-06-19T16:45:02.695Z] [INFO] [job:alert-3-5939625] Completed successfully
[2026-06-19T16:50:02.753Z] [INFO] [job:alert-3-5939626] Starting — alert #3 (bmw 3-series, UAE)
[2026-06-19T16:50:02.755Z] [INFO] [job:alert-3-5939626] Alert #3 is within cooldown (freq=daily, lastRun=2026-06-19T15:33:48.895Z) — skipping
[2026-06-19T16:50:02.756Z] [INFO] [job:alert-3-5939626] Completed successfully
[2026-06-19T16:55:01.841Z] [INFO] [job:alert-3-5939627] Starting — alert #3 (bmw 3-series, UAE)
[2026-06-19T16:55:01.843Z] [INFO] [job:alert-3-5939627] Alert #3 is within cooldown (freq=daily, lastRun=2026-06-19T15:33:48.895Z) — skipping
[2026-06-19T16:55:01.844Z] [INFO] [job:alert-3-5939627] Completed successfully
[2026-06-19T17:00:01.948Z] [INFO] [job:alert-3-5939628] Starting — alert #3 (bmw 3-series, UAE)
[2026-06-19T17:00:01.950Z] [INFO] [job:alert-3-5939628] Alert #3 is within cooldown (freq=daily, lastRun=2026-06-19T15:33:48.895Z) — skipping
[2026-06-19T17:00:01.951Z] [INFO] [job:alert-3-5939628] Completed successfully
[2026-06-19T17:05:02.072Z] [INFO] [job:alert-3-5939629] Starting — alert #3 (bmw 3-series, UAE)
[2026-06-19T17:05:02.074Z] [INFO] [job:alert-3-5939629] Alert #3 is within cooldown (freq=daily, lastRun=2026-06-19T15:33:48.895Z) — skipping
[2026-06-19T17:05:02.075Z] [INFO] [job:alert-3-5939629] Completed successfully
[2026-06-19T17:10:02.140Z] [INFO] [job:alert-3-5939630] Starting — alert #3 (bmw 3-series, UAE)
[2026-06-19T17:10:02.143Z] [INFO] [job:alert-3-5939630] Alert #3 is within cooldown (freq=daily, lastRun=2026-06-19T15:33:48.895Z) — skipping
[2026-06-19T17:10:02.144Z] [INFO] [job:alert-3-5939630] Completed successfully
[2026-06-19T17:15:02.281Z] [INFO] [job:alert-3-5939631] Starting — alert #3 (bmw 3-series, UAE)
[2026-06-19T17:15:02.283Z] [INFO] [job:alert-3-5939631] Alert #3 is within cooldown (freq=daily, lastRun=2026-06-19T15:33:48.895Z) — skipping
[2026-06-19T17:15:02.283Z] [INFO] [job:alert-3-5939631] Completed successfully
[2026-06-19T17:20:02.396Z] [INFO] [job:alert-3-5939632] Starting — alert #3 (bmw 3-series, UAE)
[2026-06-19T17:20:02.399Z] [INFO] [job:alert-3-5939632] Alert #3 is within cooldown (freq=daily, lastRun=2026-06-19T15:33:48.895Z) — skipping
[2026-06-19T17:20:02.401Z] [INFO] [job:alert-3-5939632] Completed successfully
[2026-06-19T17:25:02.286Z] [INFO] [job:alert-3-5939633] Starting — alert #3 (bmw 3-series, UAE)
[2026-06-19T17:25:02.287Z] [INFO] [job:alert-3-5939633] Alert #3 is within cooldown (freq=daily, lastRun=2026-06-19T15:33:48.895Z) — skipping
[2026-06-19T17:25:02.288Z] [INFO] [job:alert-3-5939633] Completed successfully
[2026-06-19T17:30:02.035Z] [INFO] [job:alert-3-5939634] Starting — alert #3 (bmw 3-series, UAE)
[2026-06-19T17:30:02.036Z] [INFO] [job:alert-3-5939634] Alert #3 is within cooldown (freq=daily, lastRun=2026-06-19T15:33:48.895Z) — skipping
[2026-06-19T17:30:02.037Z] [INFO] [job:alert-3-5939634] Completed successfully
[2026-06-19T17:35:01.794Z] [INFO] [job:alert-3-5939635] Starting — alert #3 (bmw 3-series, UAE)
[2026-06-19T17:35:01.796Z] [INFO] [job:alert-3-5939635] Alert #3 is within cooldown (freq=daily, lastRun=2026-06-19T15:33:48.895Z) — skipping
[2026-06-19T17:35:01.797Z] [INFO] [job:alert-3-5939635] Completed successfully
[2026-06-19T17:40:01.608Z] [INFO] [job:alert-3-5939636] Starting — alert #3 (bmw 3-series, UAE)
[2026-06-19T17:40:01.609Z] [INFO] [job:alert-3-5939636] Alert #3 is within cooldown (freq=daily, lastRun=2026-06-19T15:33:48.895Z) — skipping
[2026-06-19T17:40:01.610Z] [INFO] [job:alert-3-5939636] Completed successfully
[2026-06-19T17:45:02.434Z] [INFO] [job:alert-3-5939637] Starting — alert #3 (bmw 3-series, UAE)
[2026-06-19T17:45:02.435Z] [INFO] [job:alert-3-5939637] Alert #3 is within cooldown (freq=daily, lastRun=2026-06-19T15:33:48.895Z) — skipping
[2026-06-19T17:45:02.436Z] [INFO] [job:alert-3-5939637] Completed successfully
[2026-06-19T17:50:02.259Z] [INFO] [job:alert-3-5939638] Starting — alert #3 (bmw 3-series, UAE)
[2026-06-19T17:50:02.261Z] [INFO] [job:alert-3-5939638] Alert #3 is within cooldown (freq=daily, lastRun=2026-06-19T15:33:48.895Z) — skipping
[2026-06-19T17:50:02.262Z] [INFO] [job:alert-3-5939638] Completed successfully
[2026-06-19T17:55:02.207Z] [INFO] [job:alert-3-5939639] Starting — alert #3 (bmw 3-series, UAE)
[2026-06-19T17:55:02.210Z] [INFO] [job:alert-3-5939639] Alert #3 is within cooldown (freq=daily, lastRun=2026-06-19T15:33:48.895Z) — skipping
[2026-06-19T17:55:02.211Z] [INFO] [job:alert-3-5939639] Completed successfully
[2026-06-19T18:00:02.114Z] [INFO] [job:alert-3-5939640] Starting — alert #3 (bmw 3-series, UAE)
[2026-06-19T18:00:02.116Z] [INFO] [job:alert-3-5939640] Alert #3 is within cooldown (freq=daily, lastRun=2026-06-19T15:33:48.895Z) — skipping
[2026-06-19T18:00:02.117Z] [INFO] [job:alert-3-5939640] Completed successfully
[2026-06-19T18:05:01.843Z] [INFO] [job:alert-3-5939641] Starting — alert #3 (bmw 3-series, UAE)
[2026-06-19T18:05:01.845Z] [INFO] [job:alert-3-5939641] Alert #3 is within cooldown (freq=daily, lastRun=2026-06-19T15:33:48.895Z) — skipping
[2026-06-19T18:05:01.845Z] [INFO] [job:alert-3-5939641] Completed successfully
[2026-06-19T18:10:01.636Z] [INFO] [job:alert-3-5939642] Starting — alert #3 (bmw 3-series, UAE)
[2026-06-19T18:10:01.638Z] [INFO] [job:alert-3-5939642] Alert #3 is within cooldown (freq=daily, lastRun=2026-06-19T15:33:48.895Z) — skipping
[2026-06-19T18:10:01.639Z] [INFO] [job:alert-3-5939642] Completed successfully
[2026-06-19T18:15:02.518Z] [INFO] [job:alert-3-5939643] Starting — alert #3 (bmw 3-series, UAE)
[2026-06-19T18:15:02.526Z] [INFO] [job:alert-3-5939643] Alert #3 is within cooldown (freq=daily, lastRun=2026-06-19T15:33:48.895Z) — skipping
[2026-06-19T18:15:02.528Z] [INFO] [job:alert-3-5939643] Completed successfully
[2026-06-19T18:20:02.359Z] [INFO] [job:alert-3-5939644] Starting — alert #3 (bmw 3-series, UAE)
[2026-06-19T18:20:02.360Z] [INFO] [job:alert-3-5939644] Alert #3 is within cooldown (freq=daily, lastRun=2026-06-19T15:33:48.895Z) — skipping
[2026-06-19T18:20:02.361Z] [INFO] [job:alert-3-5939644] Completed successfully
[2026-06-19T18:25:02.173Z] [INFO] [job:alert-3-5939645] Starting — alert #3 (bmw 3-series, UAE)
[2026-06-19T18:25:02.175Z] [INFO] [job:alert-3-5939645] Alert #3 is within cooldown (freq=daily, lastRun=2026-06-19T15:33:48.895Z) — skipping
[2026-06-19T18:25:02.177Z] [INFO] [job:alert-3-5939645] Completed successfully
[2026-06-19T18:30:01.990Z] [INFO] [job:alert-3-5939646] Starting — alert #3 (bmw 3-series, UAE)
[2026-06-19T18:30:01.992Z] [INFO] [job:alert-3-5939646] Alert #3 is within cooldown (freq=daily, lastRun=2026-06-19T15:33:48.895Z) — skipping
[2026-06-19T18:30:01.993Z] [INFO] [job:alert-3-5939646] Completed successfully
[2026-06-19T18:35:02.067Z] [INFO] [job:alert-3-5939647] Starting — alert #3 (bmw 3-series, UAE)
[2026-06-19T18:35:02.069Z] [INFO] [job:alert-3-5939647] Alert #3 is within cooldown (freq=daily, lastRun=2026-06-19T15:33:48.895Z) — skipping
[2026-06-19T18:35:02.069Z] [INFO] [job:alert-3-5939647] Completed successfully
[2026-06-19T18:40:02.297Z] [INFO] [job:alert-3-5939648] Starting — alert #3 (bmw 3-series, UAE)
[2026-06-19T18:40:02.300Z] [INFO] [job:alert-3-5939648] Alert #3 is within cooldown (freq=daily, lastRun=2026-06-19T15:33:48.895Z) — skipping
[2026-06-19T18:40:02.301Z] [INFO] [job:alert-3-5939648] Completed successfully
[2026-06-19T18:45:02.466Z] [INFO] [job:alert-3-5939649] Starting — alert #3 (bmw 3-series, UAE)
[2026-06-19T18:45:02.468Z] [INFO] [job:alert-3-5939649] Alert #3 is within cooldown (freq=daily, lastRun=2026-06-19T15:33:48.895Z) — skipping
[2026-06-19T18:45:02.468Z] [INFO] [job:alert-3-5939649] Completed successfully
[2026-06-19T18:50:02.549Z] [INFO] [job:alert-3-5939650] Starting — alert #3 (bmw 3-series, UAE)
[2026-06-19T18:50:02.551Z] [INFO] [job:alert-3-5939650] Alert #3 is within cooldown (freq=daily, lastRun=2026-06-19T15:33:48.895Z) — skipping
[2026-06-19T18:50:02.551Z] [INFO] [job:alert-3-5939650] Completed successfully
[2026-06-19T18:52:41.310Z] [ERROR] [job:n/a] Worker error: connect ECONNREFUSED 127.0.0.1:6379
[2026-06-19T18:52:41.317Z] [ERROR] [job:n/a] Worker error: connect ECONNREFUSED 127.0.0.1:6379
[2026-06-19T18:52:41.427Z] [ERROR] [job:n/a] Worker error: connect ECONNREFUSED 127.0.0.1:6379
[2026-06-19T18:52:41.429Z] [ERROR] [job:n/a] Worker error: connect ECONNREFUSED 127.0.0.1:6379
[2026-06-19T18:52:41.590Z] [ERROR] [job:n/a] Worker error: connect ECONNREFUSED 127.0.0.1:6379
[2026-06-19T18:52:41.613Z] [ERROR] [job:n/a] Worker error: connect ECONNREFUSED 127.0.0.1:6379
[2026-06-19T18:52:41.818Z] [ERROR] [job:n/a] Worker error: connect ECONNREFUSED 127.0.0.1:6379
[2026-06-19T18:52:41.819Z] [ERROR] [job:n/a] Worker error: connect ECONNREFUSED 127.0.0.1:6379
[2026-06-19T18:52:42.086Z] [ERROR] [job:n/a] Worker error: connect ECONNREFUSED 127.0.0.1:6379
[2026-06-19T18:52:42.087Z] [ERROR] [job:n/a] Worker error: connect ECONNREFUSED 127.0.0.1:6379
[2026-06-19T18:52:42.402Z] [ERROR] [job:n/a] Worker error: connect ECONNREFUSED 127.0.0.1:6379
[2026-06-19T18:52:42.404Z] [ERROR] [job:n/a] Worker error: connect ECONNREFUSED 127.0.0.1:6379
